
===========================================================================
 report_power
============================================================================
======================= Fastest Corner ===================================

Group                  Internal  Switching    Leakage      Total
                          Power      Power      Power      Power (Watts)
----------------------------------------------------------------
Sequential             1.46e-04   0.00e+00   2.88e-08   1.46e-04  44.7%
Combinational          2.47e-06   6.39e-06   1.04e-09   8.86e-06   2.7%
Clock                  1.15e-04   5.79e-05   7.73e-10   1.72e-04  52.6%
Macro                  0.00e+00   0.00e+00   0.00e+00   0.00e+00   0.0%
Pad                    0.00e+00   0.00e+00   0.00e+00   0.00e+00   0.0%
----------------------------------------------------------------
Total                  2.63e-04   6.43e-05   3.06e-08   3.28e-04 100.0%
                          80.4%      19.6%       0.0%

======================= Slowest Corner ===================================

Group                  Internal  Switching    Leakage      Total
                          Power      Power      Power      Power (Watts)
----------------------------------------------------------------
Sequential             9.69e-05   0.00e+00   5.68e-07   9.75e-05  43.7%
Combinational          1.64e-06   4.15e-06   8.37e-07   6.62e-06   3.0%
Clock                  8.16e-05   3.74e-05   1.15e-07   1.19e-04  53.4%
Macro                  0.00e+00   0.00e+00   0.00e+00   0.00e+00   0.0%
Pad                    0.00e+00   0.00e+00   0.00e+00   0.00e+00   0.0%
----------------------------------------------------------------
Total                  1.80e-04   4.16e-05   1.52e-06   2.23e-04 100.0%
                          80.7%      18.6%       0.7%

======================= Typical Corner ===================================

Group                  Internal  Switching    Leakage      Total
                          Power      Power      Power      Power (Watts)
----------------------------------------------------------------
Sequential             1.26e-04   0.00e+00   2.87e-08   1.26e-04  44.6%
Combinational          2.03e-06   5.44e-06   7.59e-10   7.47e-06   2.7%
Clock                  1.00e-04   4.84e-05   4.82e-10   1.49e-04  52.7%
Macro                  0.00e+00   0.00e+00   0.00e+00   0.00e+00   0.0%
Pad                    0.00e+00   0.00e+00   0.00e+00   0.00e+00   0.0%
----------------------------------------------------------------
Total                  2.28e-04   5.39e-05   2.99e-08   2.82e-04 100.0%
                          80.9%      19.1%       0.0%

