
===========================================================================
report_checks -path_delay max (Setup)
============================================================================
======================= Typical Corner ===================================

Startpoint: B[1] (input port clocked by __VIRTUAL_CLK__)
Endpoint: out[7] (output port clocked by __VIRTUAL_CLK__)
Path Group: __VIRTUAL_CLK__
Path Type: max

Fanout     Cap    Slew   Delay    Time   Description
-----------------------------------------------------------------------------
                  0.00    0.00    0.00   clock __VIRTUAL_CLK__ (rise edge)
                          0.00    0.00   clock network delay (ideal)
                          2.00    2.00 v input external delay
     1    0.00    0.01    0.01    2.01 v B[1] (in)
                                         B[1] (net)
                  0.01    0.00    2.01 v input10/A (sky130_fd_sc_hd__clkbuf_2)
     4    0.02    0.10    0.15    2.16 v input10/X (sky130_fd_sc_hd__clkbuf_2)
                                         net10 (net)
                  0.10    0.00    2.16 v _266_/A (sky130_fd_sc_hd__buf_4)
    10    0.05    0.08    0.22    2.38 v _266_/X (sky130_fd_sc_hd__buf_4)
                                         _196_ (net)
                  0.08    0.00    2.38 v _383_/A1 (sky130_fd_sc_hd__a22o_2)
     3    0.02    0.07    0.30    2.69 v _383_/X (sky130_fd_sc_hd__a22o_2)
                                         _061_ (net)
                  0.07    0.00    2.69 v _385_/A2 (sky130_fd_sc_hd__a21o_1)
     2    0.02    0.09    0.25    2.94 v _385_/X (sky130_fd_sc_hd__a21o_1)
                                         _063_ (net)
                  0.09    0.00    2.94 v _389_/A1 (sky130_fd_sc_hd__a21o_1)
     3    0.02    0.09    0.23    3.17 v _389_/X (sky130_fd_sc_hd__a21o_1)
                                         _067_ (net)
                  0.09    0.00    3.17 v _395_/A2 (sky130_fd_sc_hd__a21o_1)
     3    0.02    0.09    0.25    3.42 v _395_/X (sky130_fd_sc_hd__a21o_1)
                                         _073_ (net)
                  0.09    0.00    3.42 v _398_/A (sky130_fd_sc_hd__and3_1)
     2    0.01    0.07    0.20    3.63 v _398_/X (sky130_fd_sc_hd__and3_1)
                                         _076_ (net)
                  0.07    0.00    3.63 v _401_/B (sky130_fd_sc_hd__or3_4)
     4    0.02    0.09    0.44    4.06 v _401_/X (sky130_fd_sc_hd__or3_4)
                                         _079_ (net)
                  0.09    0.00    4.06 v _465_/A2 (sky130_fd_sc_hd__a211o_1)
     2    0.01    0.09    0.37    4.44 v _465_/X (sky130_fd_sc_hd__a211o_1)
                                         _141_ (net)
                  0.09    0.00    4.44 v _494_/A (sky130_fd_sc_hd__or3_1)
     2    0.01    0.09    0.43    4.87 v _494_/X (sky130_fd_sc_hd__or3_1)
                                         _170_ (net)
                  0.09    0.00    4.87 v _496_/B (sky130_fd_sc_hd__and3_1)
     1    0.00    0.05    0.20    5.06 v _496_/X (sky130_fd_sc_hd__and3_1)
                                         _172_ (net)
                  0.05    0.00    5.06 v _498_/A1 (sky130_fd_sc_hd__o21a_1)
     1    0.01    0.06    0.22    5.29 v _498_/X (sky130_fd_sc_hd__o21a_1)
                                         _174_ (net)
                  0.06    0.00    5.29 v _503_/A2 (sky130_fd_sc_hd__o32a_1)
     1    0.01    0.08    0.38    5.67 v _503_/X (sky130_fd_sc_hd__o32a_1)
                                         net27 (net)
                  0.08    0.00    5.67 v output27/A (sky130_fd_sc_hd__buf_2)
     1    0.03    0.09    0.20    5.87 v output27/X (sky130_fd_sc_hd__buf_2)
                                         out[7] (net)
                  0.09    0.00    5.87 v out[7] (out)
                                  5.87   data arrival time

                  0.00   10.00   10.00   clock __VIRTUAL_CLK__ (rise edge)
                          0.00   10.00   clock network delay (ideal)
                         -0.25    9.75   clock uncertainty
                          0.00    9.75   clock reconvergence pessimism
                         -2.00    7.75   output external delay
                                  7.75   data required time
-----------------------------------------------------------------------------
                                  7.75   data required time
                                 -5.87   data arrival time
-----------------------------------------------------------------------------
                                  1.88   slack (MET)


Startpoint: B[1] (input port clocked by __VIRTUAL_CLK__)
Endpoint: out[6] (output port clocked by __VIRTUAL_CLK__)
Path Group: __VIRTUAL_CLK__
Path Type: max

Fanout     Cap    Slew   Delay    Time   Description
-----------------------------------------------------------------------------
                  0.00    0.00    0.00   clock __VIRTUAL_CLK__ (rise edge)
                          0.00    0.00   clock network delay (ideal)
                          2.00    2.00 v input external delay
     1    0.00    0.01    0.01    2.01 v B[1] (in)
                                         B[1] (net)
                  0.01    0.00    2.01 v input10/A (sky130_fd_sc_hd__clkbuf_2)
     4    0.02    0.10    0.15    2.16 v input10/X (sky130_fd_sc_hd__clkbuf_2)
                                         net10 (net)
                  0.10    0.00    2.16 v _266_/A (sky130_fd_sc_hd__buf_4)
    10    0.05    0.08    0.22    2.38 v _266_/X (sky130_fd_sc_hd__buf_4)
                                         _196_ (net)
                  0.08    0.00    2.38 v _383_/A1 (sky130_fd_sc_hd__a22o_2)
     3    0.02    0.07    0.30    2.69 v _383_/X (sky130_fd_sc_hd__a22o_2)
                                         _061_ (net)
                  0.07    0.00    2.69 v _385_/A2 (sky130_fd_sc_hd__a21o_1)
     2    0.02    0.09    0.25    2.94 v _385_/X (sky130_fd_sc_hd__a21o_1)
                                         _063_ (net)
                  0.09    0.00    2.94 v _389_/A1 (sky130_fd_sc_hd__a21o_1)
     3    0.02    0.09    0.23    3.17 v _389_/X (sky130_fd_sc_hd__a21o_1)
                                         _067_ (net)
                  0.09    0.00    3.17 v _395_/A2 (sky130_fd_sc_hd__a21o_1)
     3    0.02    0.09    0.25    3.42 v _395_/X (sky130_fd_sc_hd__a21o_1)
                                         _073_ (net)
                  0.09    0.00    3.42 v _398_/A (sky130_fd_sc_hd__and3_1)
     2    0.01    0.07    0.20    3.63 v _398_/X (sky130_fd_sc_hd__and3_1)
                                         _076_ (net)
                  0.07    0.00    3.63 v _401_/B (sky130_fd_sc_hd__or3_4)
     4    0.02    0.09    0.44    4.06 v _401_/X (sky130_fd_sc_hd__or3_4)
                                         _079_ (net)
                  0.09    0.00    4.06 v _437_/C1 (sky130_fd_sc_hd__o211a_1)
     2    0.01    0.07    0.17    4.23 v _437_/X (sky130_fd_sc_hd__o211a_1)
                                         _114_ (net)
                  0.07    0.00    4.23 v _439_/B (sky130_fd_sc_hd__or2_1)
     1    0.00    0.05    0.23    4.46 v _439_/X (sky130_fd_sc_hd__or2_1)
                                         _116_ (net)
                  0.05    0.00    4.46 v _440_/A2 (sky130_fd_sc_hd__a21bo_1)
     1    0.00    0.04    0.21    4.66 v _440_/X (sky130_fd_sc_hd__a21bo_1)
                                         _117_ (net)
                  0.04    0.00    4.66 v _441_/B (sky130_fd_sc_hd__or2_1)
     1    0.01    0.06    0.23    4.89 v _441_/X (sky130_fd_sc_hd__or2_1)
                                         _118_ (net)
                  0.06    0.00    4.89 v _453_/B1 (sky130_fd_sc_hd__a22oi_2)
     1    0.01    0.17    0.16    5.05 ^ _453_/Y (sky130_fd_sc_hd__a22oi_2)
                                         net26 (net)
                  0.17    0.00    5.05 ^ output26/A (sky130_fd_sc_hd__buf_2)
     1    0.03    0.17    0.25    5.30 ^ output26/X (sky130_fd_sc_hd__buf_2)
                                         out[6] (net)
                  0.17    0.00    5.30 ^ out[6] (out)
                                  5.30   data arrival time

                  0.00   10.00   10.00   clock __VIRTUAL_CLK__ (rise edge)
                          0.00   10.00   clock network delay (ideal)
                         -0.25    9.75   clock uncertainty
                          0.00    9.75   clock reconvergence pessimism
                         -2.00    7.75   output external delay
                                  7.75   data required time
-----------------------------------------------------------------------------
                                  7.75   data required time
                                 -5.30   data arrival time
-----------------------------------------------------------------------------
                                  2.45   slack (MET)


Startpoint: B[2] (input port clocked by __VIRTUAL_CLK__)
Endpoint: out[5] (output port clocked by __VIRTUAL_CLK__)
Path Group: __VIRTUAL_CLK__
Path Type: max

Fanout     Cap    Slew   Delay    Time   Description
-----------------------------------------------------------------------------
                  0.00    0.00    0.00   clock __VIRTUAL_CLK__ (rise edge)
                          0.00    0.00   clock network delay (ideal)
                          2.00    2.00 ^ input external delay
     1    0.00    0.02    0.01    2.01 ^ B[2] (in)
                                         B[2] (net)
                  0.02    0.00    2.01 ^ input11/A (sky130_fd_sc_hd__clkbuf_2)
     5    0.02    0.14    0.17    2.18 ^ input11/X (sky130_fd_sc_hd__clkbuf_2)
                                         net11 (net)
                  0.14    0.00    2.19 ^ _289_/A (sky130_fd_sc_hd__buf_4)
    10    0.06    0.16    0.24    2.43 ^ _289_/X (sky130_fd_sc_hd__buf_4)
                                         _218_ (net)
                  0.16    0.00    2.43 ^ _322_/B (sky130_fd_sc_hd__nand2_2)
     3    0.02    0.09    0.12    2.55 v _322_/Y (sky130_fd_sc_hd__nand2_2)
                                         _002_ (net)
                  0.09    0.00    2.55 v _325_/A (sky130_fd_sc_hd__or3_2)
     2    0.01    0.11    0.56    3.11 v _325_/X (sky130_fd_sc_hd__or3_2)
                                         _005_ (net)
                  0.11    0.00    3.12 v _330_/A1 (sky130_fd_sc_hd__a21o_1)
     2    0.01    0.07    0.22    3.34 v _330_/X (sky130_fd_sc_hd__a21o_1)
                                         _010_ (net)
                  0.07    0.00    3.34 v _331_/B (sky130_fd_sc_hd__and2b_1)
     1    0.01    0.06    0.20    3.54 v _331_/X (sky130_fd_sc_hd__and2b_1)
                                         _011_ (net)
                  0.06    0.00    3.54 v _332_/B (sky130_fd_sc_hd__xnor2_1)
     2    0.01    0.20    0.21    3.75 ^ _332_/Y (sky130_fd_sc_hd__xnor2_1)
                                         _012_ (net)
                  0.20    0.00    3.75 ^ _333_/B (sky130_fd_sc_hd__nand2_1)
     3    0.01    0.11    0.15    3.90 v _333_/Y (sky130_fd_sc_hd__nand2_1)
                                         _013_ (net)
                  0.11    0.00    3.90 v _359_/A_N (sky130_fd_sc_hd__nand3b_2)
     4    0.02    0.12    0.30    4.20 v _359_/Y (sky130_fd_sc_hd__nand3b_2)
                                         _038_ (net)
                  0.12    0.00    4.20 v _403_/A2 (sky130_fd_sc_hd__a21o_1)
     2    0.01    0.06    0.25    4.45 v _403_/X (sky130_fd_sc_hd__a21o_1)
                                         _081_ (net)
                  0.06    0.00    4.45 v _408_/A2 (sky130_fd_sc_hd__a31o_1)
     1    0.01    0.06    0.25    4.70 v _408_/X (sky130_fd_sc_hd__a31o_1)
                                         _086_ (net)
                  0.06    0.00    4.70 v _409_/B1 (sky130_fd_sc_hd__a21oi_1)
     1    0.00    0.14    0.15    4.84 ^ _409_/Y (sky130_fd_sc_hd__a21oi_1)
                                         _087_ (net)
                  0.14    0.00    4.84 ^ _410_/B1 (sky130_fd_sc_hd__a21oi_1)
     1    0.01    0.07    0.08    4.92 v _410_/Y (sky130_fd_sc_hd__a21oi_1)
                                         net25 (net)
                  0.07    0.00    4.92 v output25/A (sky130_fd_sc_hd__buf_2)
     1    0.03    0.09    0.20    5.13 v output25/X (sky130_fd_sc_hd__buf_2)
                                         out[5] (net)
                  0.09    0.00    5.13 v out[5] (out)
                                  5.13   data arrival time

                  0.00   10.00   10.00   clock __VIRTUAL_CLK__ (rise edge)
                          0.00   10.00   clock network delay (ideal)
                         -0.25    9.75   clock uncertainty
                          0.00    9.75   clock reconvergence pessimism
                         -2.00    7.75   output external delay
                                  7.75   data required time
-----------------------------------------------------------------------------
                                  7.75   data required time
                                 -5.13   data arrival time
-----------------------------------------------------------------------------
                                  2.62   slack (MET)


Startpoint: B[2] (input port clocked by __VIRTUAL_CLK__)
Endpoint: out[4] (output port clocked by __VIRTUAL_CLK__)
Path Group: __VIRTUAL_CLK__
Path Type: max

Fanout     Cap    Slew   Delay    Time   Description
-----------------------------------------------------------------------------
                  0.00    0.00    0.00   clock __VIRTUAL_CLK__ (rise edge)
                          0.00    0.00   clock network delay (ideal)
                          2.00    2.00 ^ input external delay
     1    0.00    0.02    0.01    2.01 ^ B[2] (in)
                                         B[2] (net)
                  0.02    0.00    2.01 ^ input11/A (sky130_fd_sc_hd__clkbuf_2)
     5    0.02    0.14    0.17    2.18 ^ input11/X (sky130_fd_sc_hd__clkbuf_2)
                                         net11 (net)
                  0.14    0.00    2.19 ^ _289_/A (sky130_fd_sc_hd__buf_4)
    10    0.06    0.16    0.24    2.43 ^ _289_/X (sky130_fd_sc_hd__buf_4)
                                         _218_ (net)
                  0.16    0.00    2.43 ^ _322_/B (sky130_fd_sc_hd__nand2_2)
     3    0.02    0.09    0.12    2.55 v _322_/Y (sky130_fd_sc_hd__nand2_2)
                                         _002_ (net)
                  0.09    0.00    2.55 v _325_/A (sky130_fd_sc_hd__or3_2)
     2    0.01    0.11    0.56    3.11 v _325_/X (sky130_fd_sc_hd__or3_2)
                                         _005_ (net)
                  0.11    0.00    3.12 v _330_/A1 (sky130_fd_sc_hd__a21o_1)
     2    0.01    0.07    0.22    3.34 v _330_/X (sky130_fd_sc_hd__a21o_1)
                                         _010_ (net)
                  0.07    0.00    3.34 v _331_/B (sky130_fd_sc_hd__and2b_1)
     1    0.01    0.06    0.20    3.54 v _331_/X (sky130_fd_sc_hd__and2b_1)
                                         _011_ (net)
                  0.06    0.00    3.54 v _332_/B (sky130_fd_sc_hd__xnor2_1)
     2    0.01    0.20    0.21    3.75 ^ _332_/Y (sky130_fd_sc_hd__xnor2_1)
                                         _012_ (net)
                  0.20    0.00    3.75 ^ _333_/B (sky130_fd_sc_hd__nand2_1)
     3    0.01    0.11    0.15    3.90 v _333_/Y (sky130_fd_sc_hd__nand2_1)
                                         _013_ (net)
                  0.11    0.00    3.90 v _359_/A_N (sky130_fd_sc_hd__nand3b_2)
     4    0.02    0.12    0.30    4.20 v _359_/Y (sky130_fd_sc_hd__nand3b_2)
                                         _038_ (net)
                  0.12    0.00    4.20 v _360_/C (sky130_fd_sc_hd__and3_1)
     1    0.00    0.04    0.23    4.43 v _360_/X (sky130_fd_sc_hd__and3_1)
                                         _039_ (net)
                  0.04    0.00    4.43 v _373_/B1 (sky130_fd_sc_hd__o2bb2a_1)
     1    0.00    0.05    0.29    4.72 v _373_/X (sky130_fd_sc_hd__o2bb2a_1)
                                         net24 (net)
                  0.05    0.00    4.72 v output24/A (sky130_fd_sc_hd__buf_2)
     1    0.03    0.09    0.19    4.91 v output24/X (sky130_fd_sc_hd__buf_2)
                                         out[4] (net)
                  0.09    0.00    4.91 v out[4] (out)
                                  4.91   data arrival time

                  0.00   10.00   10.00   clock __VIRTUAL_CLK__ (rise edge)
                          0.00   10.00   clock network delay (ideal)
                         -0.25    9.75   clock uncertainty
                          0.00    9.75   clock reconvergence pessimism
                         -2.00    7.75   output external delay
                                  7.75   data required time
-----------------------------------------------------------------------------
                                  7.75   data required time
                                 -4.91   data arrival time
-----------------------------------------------------------------------------
                                  2.84   slack (MET)


Startpoint: B[2] (input port clocked by __VIRTUAL_CLK__)
Endpoint: out[3] (output port clocked by __VIRTUAL_CLK__)
Path Group: __VIRTUAL_CLK__
Path Type: max

Fanout     Cap    Slew   Delay    Time   Description
-----------------------------------------------------------------------------
                  0.00    0.00    0.00   clock __VIRTUAL_CLK__ (rise edge)
                          0.00    0.00   clock network delay (ideal)
                          2.00    2.00 ^ input external delay
     1    0.00    0.02    0.01    2.01 ^ B[2] (in)
                                         B[2] (net)
                  0.02    0.00    2.01 ^ input11/A (sky130_fd_sc_hd__clkbuf_2)
     5    0.02    0.14    0.17    2.18 ^ input11/X (sky130_fd_sc_hd__clkbuf_2)
                                         net11 (net)
                  0.14    0.00    2.19 ^ _289_/A (sky130_fd_sc_hd__buf_4)
    10    0.06    0.16    0.24    2.43 ^ _289_/X (sky130_fd_sc_hd__buf_4)
                                         _218_ (net)
                  0.16    0.00    2.43 ^ _322_/B (sky130_fd_sc_hd__nand2_2)
     3    0.02    0.09    0.12    2.55 v _322_/Y (sky130_fd_sc_hd__nand2_2)
                                         _002_ (net)
                  0.09    0.00    2.55 v _325_/A (sky130_fd_sc_hd__or3_2)
     2    0.01    0.11    0.56    3.11 v _325_/X (sky130_fd_sc_hd__or3_2)
                                         _005_ (net)
                  0.11    0.00    3.12 v _330_/A1 (sky130_fd_sc_hd__a21o_1)
     2    0.01    0.07    0.22    3.34 v _330_/X (sky130_fd_sc_hd__a21o_1)
                                         _010_ (net)
                  0.07    0.00    3.34 v _331_/B (sky130_fd_sc_hd__and2b_1)
     1    0.01    0.06    0.20    3.54 v _331_/X (sky130_fd_sc_hd__and2b_1)
                                         _011_ (net)
                  0.06    0.00    3.54 v _332_/B (sky130_fd_sc_hd__xnor2_1)
     2    0.01    0.07    0.15    3.69 v _332_/Y (sky130_fd_sc_hd__xnor2_1)
                                         _012_ (net)
                  0.07    0.00    3.69 v _334_/B (sky130_fd_sc_hd__or2_1)
     1    0.01    0.07    0.26    3.95 v _334_/X (sky130_fd_sc_hd__or2_1)
                                         _014_ (net)
                  0.07    0.00    3.95 v _338_/A3 (sky130_fd_sc_hd__a31o_1)
     1    0.00    0.05    0.24    4.19 v _338_/X (sky130_fd_sc_hd__a31o_1)
                                         _018_ (net)
                  0.05    0.00    4.19 v _339_/B2 (sky130_fd_sc_hd__o2bb2a_1)
     1    0.01    0.07    0.31    4.51 v _339_/X (sky130_fd_sc_hd__o2bb2a_1)
                                         net23 (net)
                  0.07    0.00    4.51 v output23/A (sky130_fd_sc_hd__buf_2)
     1    0.03    0.09    0.20    4.71 v output23/X (sky130_fd_sc_hd__buf_2)
                                         out[3] (net)
                  0.09    0.00    4.71 v out[3] (out)
                                  4.71   data arrival time

                  0.00   10.00   10.00   clock __VIRTUAL_CLK__ (rise edge)
                          0.00   10.00   clock network delay (ideal)
                         -0.25    9.75   clock uncertainty
                          0.00    9.75   clock reconvergence pessimism
                         -2.00    7.75   output external delay
                                  7.75   data required time
-----------------------------------------------------------------------------
                                  7.75   data required time
                                 -4.71   data arrival time
-----------------------------------------------------------------------------
                                  3.04   slack (MET)


Startpoint: B[1] (input port clocked by __VIRTUAL_CLK__)
Endpoint: out[2] (output port clocked by __VIRTUAL_CLK__)
Path Group: __VIRTUAL_CLK__
Path Type: max

Fanout     Cap    Slew   Delay    Time   Description
-----------------------------------------------------------------------------
                  0.00    0.00    0.00   clock __VIRTUAL_CLK__ (rise edge)
                          0.00    0.00   clock network delay (ideal)
                          2.00    2.00 v input external delay
     1    0.00    0.01    0.01    2.01 v B[1] (in)
                                         B[1] (net)
                  0.01    0.00    2.01 v input10/A (sky130_fd_sc_hd__clkbuf_2)
     4    0.02    0.10    0.15    2.16 v input10/X (sky130_fd_sc_hd__clkbuf_2)
                                         net10 (net)
                  0.10    0.00    2.16 v _266_/A (sky130_fd_sc_hd__buf_4)
    10    0.05    0.08    0.22    2.38 v _266_/X (sky130_fd_sc_hd__buf_4)
                                         _196_ (net)
                  0.08    0.00    2.38 v _267_/A (sky130_fd_sc_hd__clkbuf_4)
    10    0.04    0.09    0.21    2.60 v _267_/X (sky130_fd_sc_hd__clkbuf_4)
                                         _197_ (net)
                  0.09    0.00    2.60 v _277_/B (sky130_fd_sc_hd__and3_1)
     2    0.01    0.07    0.23    2.82 v _277_/X (sky130_fd_sc_hd__and3_1)
                                         _207_ (net)
                  0.07    0.00    2.82 v _279_/C (sky130_fd_sc_hd__or3_1)
     2    0.01    0.10    0.38    3.21 v _279_/X (sky130_fd_sc_hd__or3_1)
                                         _209_ (net)
                  0.10    0.00    3.21 v _301_/A2 (sky130_fd_sc_hd__a21o_1)
     3    0.01    0.08    0.26    3.47 v _301_/X (sky130_fd_sc_hd__a21o_1)
                                         _230_ (net)
                  0.08    0.00    3.47 v _303_/A2 (sky130_fd_sc_hd__o21a_1)
     1    0.00    0.04    0.19    3.66 v _303_/X (sky130_fd_sc_hd__o21a_1)
                                         _232_ (net)
                  0.04    0.00    3.66 v _308_/A2 (sky130_fd_sc_hd__a211o_1)
     1    0.00    0.06    0.31    3.97 v _308_/X (sky130_fd_sc_hd__a211o_1)
                                         _237_ (net)
                  0.06    0.00    3.97 v _309_/B2 (sky130_fd_sc_hd__o2bb2a_1)
     1    0.01    0.09    0.34    4.31 v _309_/X (sky130_fd_sc_hd__o2bb2a_1)
                                         net22 (net)
                  0.09    0.00    4.31 v output22/A (sky130_fd_sc_hd__buf_2)
     1    0.03    0.09    0.21    4.52 v output22/X (sky130_fd_sc_hd__buf_2)
                                         out[2] (net)
                  0.09    0.00    4.52 v out[2] (out)
                                  4.52   data arrival time

                  0.00   10.00   10.00   clock __VIRTUAL_CLK__ (rise edge)
                          0.00   10.00   clock network delay (ideal)
                         -0.25    9.75   clock uncertainty
                          0.00    9.75   clock reconvergence pessimism
                         -2.00    7.75   output external delay
                                  7.75   data required time
-----------------------------------------------------------------------------
                                  7.75   data required time
                                 -4.52   data arrival time
-----------------------------------------------------------------------------
                                  3.23   slack (MET)


Startpoint: B[1] (input port clocked by __VIRTUAL_CLK__)
Endpoint: out[1] (output port clocked by __VIRTUAL_CLK__)
Path Group: __VIRTUAL_CLK__
Path Type: max

Fanout     Cap    Slew   Delay    Time   Description
-----------------------------------------------------------------------------
                  0.00    0.00    0.00   clock __VIRTUAL_CLK__ (rise edge)
                          0.00    0.00   clock network delay (ideal)
                          2.00    2.00 ^ input external delay
     1    0.00    0.02    0.01    2.01 ^ B[1] (in)
                                         B[1] (net)
                  0.02    0.00    2.01 ^ input10/A (sky130_fd_sc_hd__clkbuf_2)
     4    0.03    0.14    0.18    2.19 ^ input10/X (sky130_fd_sc_hd__clkbuf_2)
                                         net10 (net)
                  0.14    0.00    2.19 ^ _266_/A (sky130_fd_sc_hd__buf_4)
    10    0.05    0.16    0.24    2.43 ^ _266_/X (sky130_fd_sc_hd__buf_4)
                                         _196_ (net)
                  0.16    0.00    2.43 ^ _267_/A (sky130_fd_sc_hd__clkbuf_4)
    10    0.04    0.13    0.25    2.68 ^ _267_/X (sky130_fd_sc_hd__clkbuf_4)
                                         _197_ (net)
                  0.13    0.00    2.68 ^ _277_/B (sky130_fd_sc_hd__and3_1)
     2    0.01    0.13    0.24    2.92 ^ _277_/X (sky130_fd_sc_hd__and3_1)
                                         _207_ (net)
                  0.13    0.00    2.92 ^ _279_/C (sky130_fd_sc_hd__or3_1)
     2    0.01    0.11    0.18    3.10 ^ _279_/X (sky130_fd_sc_hd__or3_1)
                                         _209_ (net)
                  0.11    0.00    3.10 ^ _280_/B_N (sky130_fd_sc_hd__or2b_1)
     1    0.01    0.08    0.29    3.39 v _280_/X (sky130_fd_sc_hd__or2b_1)
                                         _210_ (net)
                  0.08    0.00    3.39 v _281_/B (sky130_fd_sc_hd__xnor2_1)
     1    0.00    0.05    0.14    3.53 v _281_/Y (sky130_fd_sc_hd__xnor2_1)
                                         _211_ (net)
                  0.05    0.00    3.53 v _286_/A2 (sky130_fd_sc_hd__a211o_1)
     1    0.01    0.06    0.32    3.85 v _286_/X (sky130_fd_sc_hd__a211o_1)
                                         _216_ (net)
                  0.06    0.00    3.85 v _287_/B2 (sky130_fd_sc_hd__o2bb2a_1)
     1    0.01    0.07    0.32    4.17 v _287_/X (sky130_fd_sc_hd__o2bb2a_1)
                                         net21 (net)
                  0.07    0.00    4.17 v output21/A (sky130_fd_sc_hd__buf_2)
     1    0.03    0.09    0.20    4.38 v output21/X (sky130_fd_sc_hd__buf_2)
                                         out[1] (net)
                  0.09    0.00    4.38 v out[1] (out)
                                  4.38   data arrival time

                  0.00   10.00   10.00   clock __VIRTUAL_CLK__ (rise edge)
                          0.00   10.00   clock network delay (ideal)
                         -0.25    9.75   clock uncertainty
                          0.00    9.75   clock reconvergence pessimism
                         -2.00    7.75   output external delay
                                  7.75   data required time
-----------------------------------------------------------------------------
                                  7.75   data required time
                                 -4.38   data arrival time
-----------------------------------------------------------------------------
                                  3.37   slack (MET)


Startpoint: B[0] (input port clocked by __VIRTUAL_CLK__)
Endpoint: out[0] (output port clocked by __VIRTUAL_CLK__)
Path Group: __VIRTUAL_CLK__
Path Type: max

Fanout     Cap    Slew   Delay    Time   Description
-----------------------------------------------------------------------------
                  0.00    0.00    0.00   clock __VIRTUAL_CLK__ (rise edge)
                          0.00    0.00   clock network delay (ideal)
                          2.00    2.00 ^ input external delay
     1    0.00    0.02    0.01    2.01 ^ B[0] (in)
                                         B[0] (net)
                  0.02    0.00    2.01 ^ input9/A (sky130_fd_sc_hd__buf_2)
     5    0.03    0.15    0.18    2.19 ^ input9/X (sky130_fd_sc_hd__buf_2)
                                         net9 (net)
                  0.15    0.00    2.19 ^ _251_/A (sky130_fd_sc_hd__buf_4)
    10    0.06    0.16    0.24    2.44 ^ _251_/X (sky130_fd_sc_hd__buf_4)
                                         _182_ (net)
                  0.16    0.00    2.44 ^ _252_/A (sky130_fd_sc_hd__clkbuf_4)
    10    0.04    0.12    0.25    2.68 ^ _252_/X (sky130_fd_sc_hd__clkbuf_4)
                                         _183_ (net)
                  0.12    0.00    2.68 ^ _257_/B (sky130_fd_sc_hd__nand3_1)
     1    0.01    0.09    0.12    2.80 v _257_/Y (sky130_fd_sc_hd__nand3_1)
                                         _188_ (net)
                  0.09    0.00    2.80 v _261_/A3 (sky130_fd_sc_hd__a31o_1)
     1    0.00    0.04    0.24    3.05 v _261_/X (sky130_fd_sc_hd__a31o_1)
                                         _192_ (net)
                  0.04    0.00    3.05 v _262_/B2 (sky130_fd_sc_hd__a2bb2o_1)
     1    0.01    0.08    0.29    3.33 v _262_/X (sky130_fd_sc_hd__a2bb2o_1)
                                         net20 (net)
                  0.08    0.00    3.34 v output20/A (sky130_fd_sc_hd__buf_2)
     1    0.03    0.09    0.21    3.54 v output20/X (sky130_fd_sc_hd__buf_2)
                                         out[0] (net)
                  0.09    0.00    3.54 v out[0] (out)
                                  3.54   data arrival time

                  0.00   10.00   10.00   clock __VIRTUAL_CLK__ (rise edge)
                          0.00   10.00   clock network delay (ideal)
                         -0.25    9.75   clock uncertainty
                          0.00    9.75   clock reconvergence pessimism
                         -2.00    7.75   output external delay
                                  7.75   data required time
-----------------------------------------------------------------------------
                                  7.75   data required time
                                 -3.54   data arrival time
-----------------------------------------------------------------------------
                                  4.21   slack (MET)



worst slack corner Typical: 1.8801
