
===========================================================================
report_checks -unconstrained
===========================================================================
======================= Typical Corner ===================================

No paths found.


===========================================================================
report_checks --slack_max -0.01
============================================================================
======================= Typical Corner ===================================

No paths found.


===========================================================================
 report_check_types -max_slew -max_cap -max_fanout -violators
============================================================================
======================= Typical Corner ===================================


max slew violations count Typical: 0
max fanout violations count Typical: 0
max cap violations count Typical: 0

===========================================================================
report_parasitic_annotation -report_unannotated
============================================================================
Found 35 unannotated drivers.
 clk
 control
 reset
 _00_/HI
 _01_/HI
 _02_/HI
 _03_/HI
 _04_/HI
 _05_/HI
 _06_/HI
 _07_/HI
 _08_/HI
 _09_/HI
 _10_/HI
 _11_/HI
 _12_/HI
 _13_/HI
 _14_/HI
 _15_/HI
 _16_/HI
 _17_/HI
 _18_/HI
 _19_/HI
 _20_/HI
 _21_/HI
 _22_/HI
 _23_/HI
 _24_/HI
 _25_/HI
 _26_/HI
 _27_/HI
 _28_/HI
 _29_/HI
 _30_/HI
 _31_/HI
Found 0 partially unannotated drivers.

===========================================================================
max slew violation count 0
max fanout violation count 0
max cap violation count 0
============================================================================

===========================================================================
check_setup -verbose -unconstrained_endpoints -multiple_clock -no_clock -no_input_delay -loops -generated_clocks
===========================================================================
Warning: There are 32 unconstrained endpoints.
  Result[0]
  Result[10]
  Result[11]
  Result[12]
  Result[13]
  Result[14]
  Result[15]
  Result[16]
  Result[17]
  Result[18]
  Result[19]
  Result[1]
  Result[20]
  Result[21]
  Result[22]
  Result[23]
  Result[24]
  Result[25]
  Result[26]
  Result[27]
  Result[28]
  Result[29]
  Result[2]
  Result[30]
  Result[31]
  Result[3]
  Result[4]
  Result[5]
  Result[6]
  Result[7]
  Result[8]
  Result[9]
