violation type: Vertical congestion
	srcs: net:_025_ net:_036_ net:_060_ net:_066_ net:_074_ net:_076_ net:_090_ net:_091_ net:_146_ net:_175_ net:_198_ net:_206_ net:_207_ net:_231_ net:_246_ 
	congestion information: capacity:14 usage:15 overflow:1
	bbox = ( 0, 34.5 ) - ( 6.9, 41.4) on Layer -
violation type: Vertical congestion
	srcs: net:_025_ net:_031_ net:_060_ net:_074_ net:_076_ net:_090_ net:_091_ net:_146_ net:_174_ net:_198_ net:_206_ net:_207_ net:_218_ net:_246_ net:net5 
	congestion information: capacity:14 usage:15 overflow:1
	bbox = ( 0, 48.3 ) - ( 6.9, 55.2) on Layer -
violation type: Vertical congestion
	srcs: net:_026_ net:_062_ net:_092_ net:_106_ net:_141_ net:_165_ net:_167_ net:_168_ net:net4 net:net5 net:net6 net:net9 net:net16 
	congestion information: capacity:12 usage:13 overflow:1
	bbox = ( 6.9, 34.5 ) - ( 13.8, 41.4) on Layer -
violation type: Vertical congestion
	srcs: net:_018_ net:_052_ net:_063_ net:_092_ net:_106_ net:_141_ net:_154_ net:_167_ net:net4 net:net6 net:net9 net:net12 net:net16 
	congestion information: capacity:12 usage:13 overflow:1
	bbox = ( 6.9, 48.3 ) - ( 13.8, 55.2) on Layer -
violation type: Vertical congestion
	srcs: net:_018_ net:_061_ net:_065_ net:_104_ net:_154_ net:_166_ net:_189_ net:_199_ net:_203_ net:_216_ net:_247_ net:net29 net:net36 net:net38 
	congestion information: capacity:13 usage:14 overflow:1
	bbox = ( 13.8, 34.5 ) - ( 20.7, 41.4) on Layer -
violation type: Vertical congestion
	srcs: net:_032_ net:_107_ net:_110_ net:_123_ net:_142_ net:_143_ net:_144_ net:_145_ net:_169_ net:_192_ net:_195_ net:_236_ net:_237_ net:net31 net:net37 
	congestion information: capacity:14 usage:15 overflow:1
	bbox = ( 20.7, 34.5 ) - ( 27.6, 41.4) on Layer -
violation type: Vertical congestion
	srcs: net:_025_ net:_031_ net:_052_ net:_107_ net:_110_ net:_123_ net:_143_ net:_144_ net:_145_ net:_166_ net:_169_ net:_192_ net:_195_ net:_232_ net:net2 net:net31 
	congestion information: capacity:14 usage:16 overflow:2
	bbox = ( 20.7, 41.4 ) - ( 27.6, 48.3) on Layer -
violation type: Vertical congestion
	srcs: net:_004_ net:_031_ net:_085_ net:_123_ net:_135_ net:_154_ net:_176_ net:_191_ net:_204_ net:_229_ net:_236_ net:_240_ net:net1 net:net12 net:net19 
	congestion information: capacity:14 usage:15 overflow:1
	bbox = ( 27.6, 27.6 ) - ( 34.5, 34.5) on Layer -
violation type: Vertical congestion
	srcs: net:_027_ net:_031_ net:_085_ net:_114_ net:_176_ net:_191_ net:_194_ net:_204_ net:_229_ net:_233_ net:_240_ net:net1 net:net2 net:net8 net:net12 
	congestion information: capacity:14 usage:15 overflow:1
	bbox = ( 27.6, 34.5 ) - ( 34.5, 41.4) on Layer -
violation type: Vertical congestion
	srcs: net:_027_ net:_048_ net:_049_ net:_085_ net:_114_ net:_176_ net:_182_ net:_191_ net:_194_ net:_204_ net:_229_ net:_233_ net:_240_ net:net1 net:net13 
	congestion information: capacity:14 usage:15 overflow:1
	bbox = ( 27.6, 41.4 ) - ( 34.5, 48.3) on Layer -
violation type: Vertical congestion
	srcs: net:_027_ net:_085_ net:_114_ net:_176_ net:_181_ net:_182_ net:_189_ net:_191_ net:_194_ net:_229_ net:_232_ net:_233_ net:_240_ net:net1 net:net20 
	congestion information: capacity:14 usage:15 overflow:1
	bbox = ( 27.6, 48.3 ) - ( 34.5, 55.2) on Layer -
violation type: Vertical congestion
	srcs: net:_021_ net:_030_ net:_055_ net:_070_ net:_071_ net:_072_ net:_079_ net:_081_ net:_121_ net:_133_ net:_233_ net:net13 
	congestion information: capacity:11 usage:12 overflow:1
	bbox = ( 34.5, 27.6 ) - ( 41.4, 34.5) on Layer -
violation type: Vertical congestion
	srcs: net:_004_ net:_021_ net:_023_ net:_030_ net:_070_ net:_071_ net:_072_ net:_081_ net:_121_ net:_133_ net:_135_ net:net13 
	congestion information: capacity:11 usage:12 overflow:1
	bbox = ( 34.5, 34.5 ) - ( 41.4, 41.4) on Layer -
violation type: Vertical congestion
	srcs: net:_004_ net:_030_ net:_070_ net:_071_ net:_072_ net:_081_ net:_133_ net:_135_ net:_184_ net:net7 net:net8 net:net15 
	congestion information: capacity:11 usage:12 overflow:1
	bbox = ( 34.5, 41.4 ) - ( 41.4, 48.3) on Layer -
violation type: Vertical congestion
	srcs: net:_004_ net:_030_ net:_070_ net:_071_ net:_072_ net:_081_ net:_148_ net:_177_ net:net7 net:net8 net:net15 net:net35 
	congestion information: capacity:11 usage:12 overflow:1
	bbox = ( 34.5, 48.3 ) - ( 41.4, 55.2) on Layer -
violation type: Vertical congestion
	srcs: net:_055_ net:_077_ net:_159_ net:_160_ net:_182_ net:_187_ net:_202_ net:_212_ net:_217_ net:_221_ net:_223_ net:_228_ net:_239_ net:net3 net:net35 
	congestion information: capacity:14 usage:15 overflow:1
	bbox = ( 41.4, 34.5 ) - ( 48.3, 41.4) on Layer -
violation type: Vertical congestion
	srcs: net:_055_ net:_077_ net:_159_ net:_160_ net:_183_ net:_187_ net:_202_ net:_212_ net:_217_ net:_221_ net:_223_ net:_228_ net:_239_ net:net3 net:net35 
	congestion information: capacity:14 usage:15 overflow:1
	bbox = ( 41.4, 41.4 ) - ( 48.3, 48.3) on Layer -
violation type: Vertical congestion
	srcs: net:_055_ net:_069_ net:_077_ net:_159_ net:_160_ net:_183_ net:_187_ net:_202_ net:_212_ net:_217_ net:_221_ net:_223_ net:_228_ net:_239_ net:net3 
	congestion information: capacity:14 usage:15 overflow:1
	bbox = ( 41.4, 48.3 ) - ( 48.3, 55.2) on Layer -
violation type: Vertical congestion
	srcs: net:_013_ net:_021_ net:_083_ net:_086_ net:_101_ net:_111_ net:_119_ net:_122_ net:_124_ net:_148_ net:_163_ net:_170_ net:_193_ net:_197_ net:_244_ net:net11 
	congestion information: capacity:14 usage:16 overflow:2
	bbox = ( 48.3, 41.4 ) - ( 55.2, 48.3) on Layer -
violation type: Vertical congestion
	srcs: net:_003_ net:_019_ net:_047_ net:_056_ net:_096_ net:_109_ net:_125_ net:_164_ net:_183_ net:_193_ net:_212_ net:net10 net:net18 
	congestion information: capacity:12 usage:13 overflow:1
	bbox = ( 55.2, 27.6 ) - ( 62.1, 34.5) on Layer -
violation type: Vertical congestion
	srcs: net:_003_ net:_019_ net:_047_ net:_069_ net:_109_ net:_125_ net:_164_ net:_183_ net:_193_ net:_200_ net:net10 net:net11 net:net18 
	congestion information: capacity:12 usage:13 overflow:1
	bbox = ( 55.2, 34.5 ) - ( 62.1, 41.4) on Layer -
violation type: Vertical congestion
	srcs: net:_002_ net:_008_ net:_012_ net:_056_ net:_057_ net:_120_ net:_132_ net:_158_ net:_205_ net:_224_ net:_241_ net:net17 net:net28 
	congestion information: capacity:12 usage:13 overflow:1
	bbox = ( 62.1, 41.4 ) - ( 69, 48.3) on Layer -
violation type: Vertical congestion
	srcs: net:_005_ net:_012_ net:_044_ net:_054_ net:_136_ net:_153_ net:_155_ net:_180_ net:_185_ net:_208_ net:_218_ net:_230_ net:_243_ net:_245_ net:net14 
	congestion information: capacity:14 usage:15 overflow:1
	bbox = ( 69, 27.6 ) - ( 75.9, 34.5) on Layer -
violation type: Vertical congestion
	srcs: net:_012_ net:_054_ net:_097_ net:_127_ net:_153_ net:_155_ net:_156_ net:_180_ net:_186_ net:_208_ net:_218_ net:_230_ net:_243_ net:_245_ net:net14 
	congestion information: capacity:14 usage:15 overflow:1
	bbox = ( 69, 34.5 ) - ( 75.9, 41.4) on Layer -
violation type: Vertical congestion
	srcs: net:_035_ net:_044_ net:_053_ net:_082_ net:_094_ net:_096_ net:_100_ net:_128_ net:_137_ net:_162_ net:_185_ net:_195_ net:_214_ net:net7 net:net15 
	congestion information: capacity:14 usage:15 overflow:1
	bbox = ( 75.9, 34.5 ) - ( 82.8, 41.4) on Layer -
violation type: Vertical congestion
	srcs: net:_024_ net:_039_ net:_044_ net:_053_ net:_096_ net:_097_ net:_098_ net:_100_ net:_112_ net:_128_ net:_137_ net:_185_ net:_209_ net:_214_ net:net33 
	congestion information: capacity:14 usage:15 overflow:1
	bbox = ( 75.9, 41.4 ) - ( 82.8, 48.3) on Layer -
violation type: Vertical congestion
	srcs: net:_029_ net:_043_ net:_050_ net:_051_ net:_088_ net:_136_ net:_138_ net:_161_ net:_190_ net:_210_ net:net17 net:net33 
	congestion information: capacity:11 usage:12 overflow:1
	bbox = ( 82.8, 34.5 ) - ( 89.7, 41.4) on Layer -
violation type: Vertical congestion
	srcs: net:_019_ net:_028_ net:_029_ net:_041_ net:_050_ net:_080_ net:_088_ net:_126_ net:_136_ net:_161_ net:_190_ net:_210_ 
	congestion information: capacity:11 usage:12 overflow:1
	bbox = ( 82.8, 41.4 ) - ( 89.7, 48.3) on Layer -
violation type: Vertical congestion
	srcs: net:_005_ net:_019_ net:_028_ net:_029_ net:_041_ net:_064_ net:_080_ net:_097_ net:_126_ net:_136_ net:_161_ net:net25 
	congestion information: capacity:11 usage:12 overflow:1
	bbox = ( 82.8, 48.3 ) - ( 89.7, 55.2) on Layer -
violation type: Vertical congestion
	srcs: net:_005_ net:_006_ net:_009_ net:_011_ net:_020_ net:_024_ net:_028_ net:_041_ net:_058_ net:_064_ net:_093_ net:_095_ net:_103_ net:_130_ net:_131_ net:_198_ net:_201_ net:_205_ net:_225_ net:net19 net:net22 net:net25 net:net26 net:net27 
	congestion information: capacity:22 usage:24 overflow:2
	bbox = ( 89.7, 34.5 ) - ( 100, 41.4) on Layer -
violation type: Vertical congestion
	srcs: net:_003_ net:_005_ net:_006_ net:_009_ net:_011_ net:_020_ net:_035_ net:_038_ net:_058_ net:_064_ net:_093_ net:_094_ net:_095_ net:_130_ net:_131_ net:_138_ net:_201_ net:_225_ net:net19 net:net22 net:net25 net:net26 net:net27 
	congestion information: capacity:22 usage:23 overflow:1
	bbox = ( 89.7, 41.4 ) - ( 100, 48.3) on Layer -
