
===========================================================================
report_checks -unconstrained
===========================================================================
======================= Fastest Corner ===================================

Startpoint: rst (input port clocked by clk)
Endpoint: _379_ (recovery check against rising-edge clock clk)
Path Group: asynchronous
Path Type: max
Corner: Fastest

Fanout     Cap    Slew   Delay    Time   Description
-----------------------------------------------------------------------------
                          0.00    0.00   clock clk (rise edge)
                          0.00    0.00   clock network delay (propagated)
                          2.00    2.00 v input external delay
     1    0.00    0.00    0.00    2.00 v rst (in)
                                         rst (net)
                  0.00    0.00    2.00 v input1/A (sky130_fd_sc_hd__buf_1)
     4    0.02    0.06    0.09    2.09 v input1/X (sky130_fd_sc_hd__buf_1)
                                         net1 (net)
                  0.06    0.00    2.09 v _338_/A (sky130_fd_sc_hd__buf_4)
    10    0.06    0.06    0.15    2.24 v _338_/X (sky130_fd_sc_hd__buf_4)
                                         _169_ (net)
                  0.06    0.00    2.24 v _348_/A (sky130_fd_sc_hd__inv_2)
     1    0.00    0.03    0.04    2.29 ^ _348_/Y (sky130_fd_sc_hd__inv_2)
                                         _056_ (net)
                  0.03    0.00    2.29 ^ _379_/RESET_B (sky130_fd_sc_hd__dfrtp_2)
                                  2.29   data arrival time

                         10.00   10.00   clock clk (rise edge)
                          0.00   10.00   clock source latency
     1    0.02    0.06    0.04   10.04 ^ clk (in)
                                         clk (net)
                  0.06    0.00   10.04 ^ clkbuf_0_clk/A (sky130_fd_sc_hd__clkbuf_16)
     4    0.04    0.05    0.10   10.14 ^ clkbuf_0_clk/X (sky130_fd_sc_hd__clkbuf_16)
                                         clknet_0_clk (net)
                  0.05    0.00   10.14 ^ clkbuf_2_1__f_clk/A (sky130_fd_sc_hd__clkbuf_16)
     8    0.02    0.03    0.09   10.22 ^ clkbuf_2_1__f_clk/X (sky130_fd_sc_hd__clkbuf_16)
                                         clknet_2_1__leaf_clk (net)
                  0.03    0.00   10.22 ^ _379_/CLK (sky130_fd_sc_hd__dfrtp_2)
                         -0.25    9.97   clock uncertainty
                          0.00    9.97   clock reconvergence pessimism
                          0.14   10.11   library recovery time
                                 10.11   data required time
-----------------------------------------------------------------------------
                                 10.11   data required time
                                 -2.29   data arrival time
-----------------------------------------------------------------------------
                                  7.82   slack (MET)


Startpoint: _350_ (rising edge-triggered flip-flop clocked by clk)
Endpoint: count[0] (output port clocked by clk)
Path Group: clk
Path Type: max
Corner: Fastest

Fanout     Cap    Slew   Delay    Time   Description
-----------------------------------------------------------------------------
                          0.00    0.00   clock clk (rise edge)
                          0.00    0.00   clock source latency
     1    0.02    0.06    0.04    0.04 ^ clk (in)
                                         clk (net)
                  0.06    0.00    0.04 ^ clkbuf_0_clk/A (sky130_fd_sc_hd__clkbuf_16)
     4    0.04    0.05    0.11    0.15 ^ clkbuf_0_clk/X (sky130_fd_sc_hd__clkbuf_16)
                                         clknet_0_clk (net)
                  0.05    0.00    0.15 ^ clkbuf_2_1__f_clk/A (sky130_fd_sc_hd__clkbuf_16)
     8    0.02    0.03    0.10    0.25 ^ clkbuf_2_1__f_clk/X (sky130_fd_sc_hd__clkbuf_16)
                                         clknet_2_1__leaf_clk (net)
                  0.03    0.00    0.25 ^ _350_/CLK (sky130_fd_sc_hd__dfrtp_1)
     6    0.02    0.12    0.28    0.53 ^ _350_/Q (sky130_fd_sc_hd__dfrtp_1)
                                         net2 (net)
                  0.12    0.00    0.53 ^ output2/A (sky130_fd_sc_hd__buf_2)
     1    0.03    0.13    0.17    0.69 ^ output2/X (sky130_fd_sc_hd__buf_2)
                                         count[0] (net)
                  0.13    0.00    0.69 ^ count[0] (out)
                                  0.69   data arrival time

                         10.00   10.00   clock clk (rise edge)
                          0.00   10.00   clock network delay (propagated)
                         -0.25    9.75   clock uncertainty
                          0.00    9.75   clock reconvergence pessimism
                         -2.00    7.75   output external delay
                                  7.75   data required time
-----------------------------------------------------------------------------
                                  7.75   data required time
                                 -0.69   data arrival time
-----------------------------------------------------------------------------
                                  7.06   slack (MET)



======================= Slowest Corner ===================================

Startpoint: rst (input port clocked by clk)
Endpoint: _379_ (recovery check against rising-edge clock clk)
Path Group: asynchronous
Path Type: max
Corner: Slowest

Fanout     Cap    Slew   Delay    Time   Description
-----------------------------------------------------------------------------
                          0.00    0.00   clock clk (rise edge)
                          0.00    0.00   clock network delay (propagated)
                          2.00    2.00 v input external delay
     1    0.00    0.02    0.01    2.01 v rst (in)
                                         rst (net)
                  0.02    0.00    2.01 v input1/A (sky130_fd_sc_hd__buf_1)
     4    0.02    0.18    0.25    2.26 v input1/X (sky130_fd_sc_hd__buf_1)
                                         net1 (net)
                  0.18    0.00    2.26 v _338_/A (sky130_fd_sc_hd__buf_4)
    10    0.06    0.15    0.42    2.68 v _338_/X (sky130_fd_sc_hd__buf_4)
                                         _169_ (net)
                  0.15    0.00    2.68 v _348_/A (sky130_fd_sc_hd__inv_2)
     1    0.00    0.06    0.11    2.79 ^ _348_/Y (sky130_fd_sc_hd__inv_2)
                                         _056_ (net)
                  0.06    0.00    2.79 ^ _379_/RESET_B (sky130_fd_sc_hd__dfrtp_2)
                                  2.79   data arrival time

                         10.00   10.00   clock clk (rise edge)
                          0.00   10.00   clock source latency
     1    0.02    0.12    0.07   10.07 ^ clk (in)
                                         clk (net)
                  0.12    0.00   10.07 ^ clkbuf_0_clk/A (sky130_fd_sc_hd__clkbuf_16)
     4    0.04    0.10    0.26   10.33 ^ clkbuf_0_clk/X (sky130_fd_sc_hd__clkbuf_16)
                                         clknet_0_clk (net)
                  0.10    0.00   10.34 ^ clkbuf_2_1__f_clk/A (sky130_fd_sc_hd__clkbuf_16)
     8    0.02    0.07    0.23   10.56 ^ clkbuf_2_1__f_clk/X (sky130_fd_sc_hd__clkbuf_16)
                                         clknet_2_1__leaf_clk (net)
                  0.07    0.00   10.56 ^ _379_/CLK (sky130_fd_sc_hd__dfrtp_2)
                         -0.25   10.31   clock uncertainty
                          0.00   10.31   clock reconvergence pessimism
                          0.45   10.76   library recovery time
                                 10.76   data required time
-----------------------------------------------------------------------------
                                 10.76   data required time
                                 -2.79   data arrival time
-----------------------------------------------------------------------------
                                  7.97   slack (MET)


Startpoint: _363_ (rising edge-triggered flip-flop clocked by clk)
Endpoint: _350_ (rising edge-triggered flip-flop clocked by clk)
Path Group: clk
Path Type: max
Corner: Slowest

Fanout     Cap    Slew   Delay    Time   Description
-----------------------------------------------------------------------------
                          0.00    0.00   clock clk (rise edge)
                          0.00    0.00   clock source latency
     1    0.02    0.12    0.08    0.08 ^ clk (in)
                                         clk (net)
                  0.12    0.00    0.08 ^ clkbuf_0_clk/A (sky130_fd_sc_hd__clkbuf_16)
     4    0.04    0.10    0.29    0.37 ^ clkbuf_0_clk/X (sky130_fd_sc_hd__clkbuf_16)
                                         clknet_0_clk (net)
                  0.10    0.00    0.37 ^ clkbuf_2_2__f_clk/A (sky130_fd_sc_hd__clkbuf_16)
     9    0.03    0.08    0.25    0.62 ^ clkbuf_2_2__f_clk/X (sky130_fd_sc_hd__clkbuf_16)
                                         clknet_2_2__leaf_clk (net)
                  0.08    0.00    0.62 ^ _363_/CLK (sky130_fd_sc_hd__dfrtp_1)
     5    0.01    0.15    0.86    1.48 v _363_/Q (sky130_fd_sc_hd__dfrtp_1)
                                         one_second_counter[9] (net)
                  0.15    0.00    1.48 v _184_/B (sky130_fd_sc_hd__or4_1)
     3    0.01    0.25    1.38    2.86 v _184_/X (sky130_fd_sc_hd__or4_1)
                                         _066_ (net)
                  0.25    0.00    2.86 v _193_/A (sky130_fd_sc_hd__nor3b_1)
     1    0.00    0.30    0.44    3.30 ^ _193_/Y (sky130_fd_sc_hd__nor3b_1)
                                         _073_ (net)
                  0.30    0.00    3.30 ^ _194_/D (sky130_fd_sc_hd__nand4_1)
     1    0.00    0.20    0.32    3.62 v _194_/Y (sky130_fd_sc_hd__nand4_1)
                                         _074_ (net)
                  0.20    0.00    3.62 v _195_/C (sky130_fd_sc_hd__or4b_1)
     2    0.01    0.24    1.30    4.92 v _195_/X (sky130_fd_sc_hd__or4b_1)
                                         _075_ (net)
                  0.24    0.00    4.92 v _198_/A (sky130_fd_sc_hd__and3_1)
     1    0.00    0.08    0.40    5.32 v _198_/X (sky130_fd_sc_hd__and3_1)
                                         _077_ (net)
                  0.08    0.00    5.32 v _199_/A (sky130_fd_sc_hd__clkbuf_1)
     1    0.00    0.05    0.17    5.49 v _199_/X (sky130_fd_sc_hd__clkbuf_1)
                                         _058_ (net)
                  0.05    0.00    5.49 v _350_/D (sky130_fd_sc_hd__dfrtp_1)
                                  5.49   data arrival time

                         10.00   10.00   clock clk (rise edge)
                          0.00   10.00   clock source latency
     1    0.02    0.12    0.07   10.07 ^ clk (in)
                                         clk (net)
                  0.12    0.00   10.07 ^ clkbuf_0_clk/A (sky130_fd_sc_hd__clkbuf_16)
     4    0.04    0.10    0.26   10.33 ^ clkbuf_0_clk/X (sky130_fd_sc_hd__clkbuf_16)
                                         clknet_0_clk (net)
                  0.10    0.00   10.34 ^ clkbuf_2_1__f_clk/A (sky130_fd_sc_hd__clkbuf_16)
     8    0.02    0.07    0.23   10.56 ^ clkbuf_2_1__f_clk/X (sky130_fd_sc_hd__clkbuf_16)
                                         clknet_2_1__leaf_clk (net)
                  0.07    0.00   10.56 ^ _350_/CLK (sky130_fd_sc_hd__dfrtp_1)
                         -0.25   10.31   clock uncertainty
                          0.04   10.35   clock reconvergence pessimism
                         -0.27   10.08   library setup time
                                 10.08   data required time
-----------------------------------------------------------------------------
                                 10.08   data required time
                                 -5.49   data arrival time
-----------------------------------------------------------------------------
                                  4.59   slack (MET)



======================= Typical Corner ===================================

Startpoint: rst (input port clocked by clk)
Endpoint: _379_ (recovery check against rising-edge clock clk)
Path Group: asynchronous
Path Type: max
Corner: Typical

Fanout     Cap    Slew   Delay    Time   Description
-----------------------------------------------------------------------------
                          0.00    0.00   clock clk (rise edge)
                          0.00    0.00   clock network delay (propagated)
                          2.00    2.00 v input external delay
     1    0.00    0.01    0.00    2.00 v rst (in)
                                         rst (net)
                  0.01    0.00    2.00 v input1/A (sky130_fd_sc_hd__buf_1)
     4    0.02    0.09    0.13    2.14 v input1/X (sky130_fd_sc_hd__buf_1)
                                         net1 (net)
                  0.09    0.00    2.14 v _338_/A (sky130_fd_sc_hd__buf_4)
    10    0.06    0.08    0.22    2.36 v _338_/X (sky130_fd_sc_hd__buf_4)
                                         _169_ (net)
                  0.08    0.00    2.36 v _348_/A (sky130_fd_sc_hd__inv_2)
     1    0.00    0.03    0.06    2.43 ^ _348_/Y (sky130_fd_sc_hd__inv_2)
                                         _056_ (net)
                  0.03    0.00    2.43 ^ _379_/RESET_B (sky130_fd_sc_hd__dfrtp_2)
                                  2.43   data arrival time

                         10.00   10.00   clock clk (rise edge)
                          0.00   10.00   clock source latency
     1    0.02    0.07    0.05   10.05 ^ clk (in)
                                         clk (net)
                  0.07    0.00   10.05 ^ clkbuf_0_clk/A (sky130_fd_sc_hd__clkbuf_16)
     4    0.04    0.06    0.15   10.19 ^ clkbuf_0_clk/X (sky130_fd_sc_hd__clkbuf_16)
                                         clknet_0_clk (net)
                  0.06    0.00   10.20 ^ clkbuf_2_1__f_clk/A (sky130_fd_sc_hd__clkbuf_16)
     8    0.02    0.05    0.13   10.32 ^ clkbuf_2_1__f_clk/X (sky130_fd_sc_hd__clkbuf_16)
                                         clknet_2_1__leaf_clk (net)
                  0.05    0.00   10.32 ^ _379_/CLK (sky130_fd_sc_hd__dfrtp_2)
                         -0.25   10.07   clock uncertainty
                          0.00   10.07   clock reconvergence pessimism
                          0.22   10.30   library recovery time
                                 10.30   data required time
-----------------------------------------------------------------------------
                                 10.30   data required time
                                 -2.43   data arrival time
-----------------------------------------------------------------------------
                                  7.87   slack (MET)


Startpoint: _350_ (rising edge-triggered flip-flop clocked by clk)
Endpoint: count[0] (output port clocked by clk)
Path Group: clk
Path Type: max
Corner: Typical

Fanout     Cap    Slew   Delay    Time   Description
-----------------------------------------------------------------------------
                          0.00    0.00   clock clk (rise edge)
                          0.00    0.00   clock source latency
     1    0.02    0.07    0.05    0.05 ^ clk (in)
                                         clk (net)
                  0.07    0.00    0.05 ^ clkbuf_0_clk/A (sky130_fd_sc_hd__clkbuf_16)
     4    0.04    0.06    0.16    0.21 ^ clkbuf_0_clk/X (sky130_fd_sc_hd__clkbuf_16)
                                         clknet_0_clk (net)
                  0.06    0.00    0.22 ^ clkbuf_2_1__f_clk/A (sky130_fd_sc_hd__clkbuf_16)
     8    0.02    0.05    0.14    0.36 ^ clkbuf_2_1__f_clk/X (sky130_fd_sc_hd__clkbuf_16)
                                         clknet_2_1__leaf_clk (net)
                  0.05    0.00    0.36 ^ _350_/CLK (sky130_fd_sc_hd__dfrtp_1)
     6    0.02    0.15    0.42    0.78 ^ _350_/Q (sky130_fd_sc_hd__dfrtp_1)
                                         net2 (net)
                  0.15    0.00    0.78 ^ output2/A (sky130_fd_sc_hd__buf_2)
     1    0.03    0.17    0.25    1.03 ^ output2/X (sky130_fd_sc_hd__buf_2)
                                         count[0] (net)
                  0.17    0.00    1.03 ^ count[0] (out)
                                  1.03   data arrival time

                         10.00   10.00   clock clk (rise edge)
                          0.00   10.00   clock network delay (propagated)
                         -0.25    9.75   clock uncertainty
                          0.00    9.75   clock reconvergence pessimism
                         -2.00    7.75   output external delay
                                  7.75   data required time
-----------------------------------------------------------------------------
                                  7.75   data required time
                                 -1.03   data arrival time
-----------------------------------------------------------------------------
                                  6.72   slack (MET)




===========================================================================
report_checks --slack_max -0.01
============================================================================
======================= Fastest Corner ===================================

No paths found.

======================= Slowest Corner ===================================

No paths found.

======================= Typical Corner ===================================

No paths found.


===========================================================================
 report_check_types -max_slew -max_cap -max_fanout -violators
============================================================================
======================= Fastest Corner ===================================


max slew violations count Fastest: 0
max fanout violations count Fastest: 0
max cap violations count Fastest: 0
======================= Slowest Corner ===================================


max slew violations count Slowest: 0
max fanout violations count Slowest: 0
max cap violations count Slowest: 0
======================= Typical Corner ===================================


max slew violations count Typical: 0
max fanout violations count Typical: 0
max cap violations count Typical: 0

===========================================================================
report_parasitic_annotation -report_unannotated
============================================================================
Found 11 unannotated drivers.
 ZeroToFiveCounter_10/LO
 ZeroToFiveCounter_11/LO
 ZeroToFiveCounter_12/LO
 ZeroToFiveCounter_13/LO
 ZeroToFiveCounter_6/HI
 ZeroToFiveCounter_7/HI
 ZeroToFiveCounter_8/HI
 ZeroToFiveCounter_9/HI
 clkload0/X
 clkload1/X
 clkload2/X
Found 0 partially unannotated drivers.

===========================================================================
max slew violation count 0
max fanout violation count 0
max cap violation count 0
============================================================================

===========================================================================
check_setup -verbose -unconstrained_endpoints -multiple_clock -no_clock -no_input_delay -loops -generated_clocks
===========================================================================
Warning: There are 8 unconstrained endpoints.
  AN[0]
  AN[1]
  AN[2]
  AN[3]
  AN[4]
  AN[5]
  AN[6]
  AN[7]
