
===========================================================================
report_checks -path_delay max (Setup)
============================================================================
======================= Fastest Corner ===================================

Startpoint: B[0] (input port clocked by __VIRTUAL_CLK__)
Endpoint: out[6] (output port clocked by __VIRTUAL_CLK__)
Path Group: __VIRTUAL_CLK__
Path Type: max
Corner: Fastest

Fanout     Cap    Slew   Delay    Time   Description
-----------------------------------------------------------------------------
                  0.00    0.00    0.00   clock __VIRTUAL_CLK__ (rise edge)
                          0.00    0.00   clock network delay (ideal)
                          2.00    2.00 v input external delay
     1    0.00    0.01    0.00    2.00 v B[0] (in)
                                         B[0] (net)
                  0.01    0.00    2.00 v input9/A (sky130_fd_sc_hd__buf_4)
     5    0.06    0.07    0.13    2.13 v input9/X (sky130_fd_sc_hd__buf_4)
                                         net9 (net)
                  0.07    0.00    2.13 v _251_/A (sky130_fd_sc_hd__buf_6)
    10    0.08    0.06    0.13    2.26 v _251_/X (sky130_fd_sc_hd__buf_6)
                                         _182_ (net)
                  0.06    0.00    2.27 v _252_/A (sky130_fd_sc_hd__clkbuf_4)
    10    0.06    0.09    0.17    2.44 v _252_/X (sky130_fd_sc_hd__clkbuf_4)
                                         _183_ (net)
                  0.09    0.00    2.44 v _298_/A1 (sky130_fd_sc_hd__o21a_2)
     3    0.02    0.06    0.20    2.64 v _298_/X (sky130_fd_sc_hd__o21a_2)
                                         _227_ (net)
                  0.06    0.00    2.64 v _361_/A3 (sky130_fd_sc_hd__o31a_1)
     2    0.01    0.07    0.20    2.83 v _361_/X (sky130_fd_sc_hd__o31a_1)
                                         _040_ (net)
                  0.07    0.00    2.83 v _362_/B (sky130_fd_sc_hd__xnor2_1)
     2    0.03    0.44    0.38    3.21 ^ _362_/Y (sky130_fd_sc_hd__xnor2_1)
                                         _041_ (net)
                  0.44    0.00    3.21 ^ _364_/B (sky130_fd_sc_hd__nor2_1)
     1    0.01    0.11    0.07    3.29 v _364_/Y (sky130_fd_sc_hd__nor2_1)
                                         _043_ (net)
                  0.11    0.00    3.29 v _365_/B (sky130_fd_sc_hd__nor2_1)
     3    0.04    0.48    0.41    3.70 ^ _365_/Y (sky130_fd_sc_hd__nor2_1)
                                         _044_ (net)
                  0.48    0.00    3.70 ^ _375_/A1 (sky130_fd_sc_hd__a21o_1)
     2    0.04    0.27    0.25    3.95 ^ _375_/X (sky130_fd_sc_hd__a21o_1)
                                         _053_ (net)
                  0.27    0.00    3.96 ^ _442_/A1 (sky130_fd_sc_hd__a21o_1)
     4    0.03    0.20    0.21    4.17 ^ _442_/X (sky130_fd_sc_hd__a21o_1)
                                         _119_ (net)
                  0.20    0.00    4.17 ^ _448_/A1 (sky130_fd_sc_hd__o21a_1)
     2    0.05    0.32    0.31    4.48 ^ _448_/X (sky130_fd_sc_hd__o21a_1)
                                         _125_ (net)
                  0.32    0.00    4.48 ^ _452_/A2 (sky130_fd_sc_hd__a21oi_1)
     1    0.01    0.09    0.10    4.58 v _452_/Y (sky130_fd_sc_hd__a21oi_1)
                                         _129_ (net)
                  0.09    0.00    4.58 v _453_/B2 (sky130_fd_sc_hd__a22oi_2)
     1    0.02    0.16    0.17    4.74 ^ _453_/Y (sky130_fd_sc_hd__a22oi_2)
                                         net26 (net)
                  0.16    0.00    4.74 ^ output26/A (sky130_fd_sc_hd__buf_2)
     1    0.03    0.13    0.17    4.92 ^ output26/X (sky130_fd_sc_hd__buf_2)
                                         out[6] (net)
                  0.13    0.00    4.92 ^ out[6] (out)
                                  4.92   data arrival time

                  0.00   10.00   10.00   clock __VIRTUAL_CLK__ (rise edge)
                          0.00   10.00   clock network delay (ideal)
                         -0.25    9.75   clock uncertainty
                          0.00    9.75   clock reconvergence pessimism
                         -2.00    7.75   output external delay
                                  7.75   data required time
-----------------------------------------------------------------------------
                                  7.75   data required time
                                 -4.92   data arrival time
-----------------------------------------------------------------------------
                                  2.83   slack (MET)


Startpoint: B[0] (input port clocked by __VIRTUAL_CLK__)
Endpoint: out[7] (output port clocked by __VIRTUAL_CLK__)
Path Group: __VIRTUAL_CLK__
Path Type: max
Corner: Fastest

Fanout     Cap    Slew   Delay    Time   Description
-----------------------------------------------------------------------------
                  0.00    0.00    0.00   clock __VIRTUAL_CLK__ (rise edge)
                          0.00    0.00   clock network delay (ideal)
                          2.00    2.00 v input external delay
     1    0.00    0.01    0.00    2.00 v B[0] (in)
                                         B[0] (net)
                  0.01    0.00    2.00 v input9/A (sky130_fd_sc_hd__buf_4)
     5    0.06    0.07    0.13    2.13 v input9/X (sky130_fd_sc_hd__buf_4)
                                         net9 (net)
                  0.07    0.00    2.13 v _251_/A (sky130_fd_sc_hd__buf_6)
    10    0.08    0.06    0.13    2.26 v _251_/X (sky130_fd_sc_hd__buf_6)
                                         _182_ (net)
                  0.06    0.00    2.27 v _252_/A (sky130_fd_sc_hd__clkbuf_4)
    10    0.06    0.09    0.17    2.44 v _252_/X (sky130_fd_sc_hd__clkbuf_4)
                                         _183_ (net)
                  0.09    0.00    2.44 v _298_/A1 (sky130_fd_sc_hd__o21a_2)
     3    0.02    0.06    0.20    2.64 v _298_/X (sky130_fd_sc_hd__o21a_2)
                                         _227_ (net)
                  0.06    0.00    2.64 v _361_/A3 (sky130_fd_sc_hd__o31a_1)
     2    0.01    0.07    0.20    2.83 v _361_/X (sky130_fd_sc_hd__o31a_1)
                                         _040_ (net)
                  0.07    0.00    2.83 v _362_/B (sky130_fd_sc_hd__xnor2_1)
     2    0.03    0.44    0.38    3.21 ^ _362_/Y (sky130_fd_sc_hd__xnor2_1)
                                         _041_ (net)
                  0.44    0.00    3.21 ^ _364_/B (sky130_fd_sc_hd__nor2_1)
     1    0.01    0.11    0.07    3.29 v _364_/Y (sky130_fd_sc_hd__nor2_1)
                                         _043_ (net)
                  0.11    0.00    3.29 v _365_/B (sky130_fd_sc_hd__nor2_1)
     3    0.04    0.48    0.41    3.70 ^ _365_/Y (sky130_fd_sc_hd__nor2_1)
                                         _044_ (net)
                  0.48    0.00    3.70 ^ _375_/A1 (sky130_fd_sc_hd__a21o_1)
     2    0.04    0.27    0.25    3.95 ^ _375_/X (sky130_fd_sc_hd__a21o_1)
                                         _053_ (net)
                  0.27    0.00    3.96 ^ _442_/A1 (sky130_fd_sc_hd__a21o_1)
     4    0.03    0.20    0.21    4.17 ^ _442_/X (sky130_fd_sc_hd__a21o_1)
                                         _119_ (net)
                  0.20    0.00    4.17 ^ _455_/A1 (sky130_fd_sc_hd__a21oi_2)
     1    0.02    0.10    0.08    4.25 v _455_/Y (sky130_fd_sc_hd__a21oi_2)
                                         _131_ (net)
                  0.10    0.00    4.25 v _464_/A1 (sky130_fd_sc_hd__o311a_1)
     1    0.01    0.06    0.27    4.52 v _464_/X (sky130_fd_sc_hd__o311a_1)
                                         _140_ (net)
                  0.06    0.00    4.52 v _503_/A1 (sky130_fd_sc_hd__o32a_4)
     1    0.02    0.06    0.27    4.80 v _503_/X (sky130_fd_sc_hd__o32a_4)
                                         net27 (net)
                  0.06    0.00    4.80 v output27/A (sky130_fd_sc_hd__buf_8)
     1    0.03    0.03    0.11    4.90 v output27/X (sky130_fd_sc_hd__buf_8)
                                         out[7] (net)
                  0.03    0.00    4.90 v out[7] (out)
                                  4.90   data arrival time

                  0.00   10.00   10.00   clock __VIRTUAL_CLK__ (rise edge)
                          0.00   10.00   clock network delay (ideal)
                         -0.25    9.75   clock uncertainty
                          0.00    9.75   clock reconvergence pessimism
                         -2.00    7.75   output external delay
                                  7.75   data required time
-----------------------------------------------------------------------------
                                  7.75   data required time
                                 -4.90   data arrival time
-----------------------------------------------------------------------------
                                  2.85   slack (MET)


Startpoint: B[3] (input port clocked by __VIRTUAL_CLK__)
Endpoint: out[5] (output port clocked by __VIRTUAL_CLK__)
Path Group: __VIRTUAL_CLK__
Path Type: max
Corner: Fastest

Fanout     Cap    Slew   Delay    Time   Description
-----------------------------------------------------------------------------
                  0.00    0.00    0.00   clock __VIRTUAL_CLK__ (rise edge)
                          0.00    0.00   clock network delay (ideal)
                          2.00    2.00 ^ input external delay
     1    0.00    0.02    0.01    2.01 ^ B[3] (in)
                                         B[3] (net)
                  0.02    0.00    2.01 ^ input12/A (sky130_fd_sc_hd__buf_2)
     8    0.06    0.23    0.21    2.22 ^ input12/X (sky130_fd_sc_hd__buf_2)
                                         net12 (net)
                  0.23    0.01    2.22 ^ _391_/C (sky130_fd_sc_hd__and4_1)
     2    0.03    0.22    0.28    2.51 ^ _391_/X (sky130_fd_sc_hd__and4_1)
                                         _069_ (net)
                  0.22    0.00    2.51 ^ _393_/A_N (sky130_fd_sc_hd__and2b_1)
     1    0.02    0.08    0.18    2.69 v _393_/X (sky130_fd_sc_hd__and2b_1)
                                         _071_ (net)
                  0.08    0.00    2.69 v _394_/B (sky130_fd_sc_hd__xnor2_4)
     3    0.05    0.28    0.26    2.94 ^ _394_/Y (sky130_fd_sc_hd__xnor2_4)
                                         _072_ (net)
                  0.28    0.00    2.95 ^ _396_/A (sky130_fd_sc_hd__nand3_4)
     3    0.05    0.16    0.15    3.10 v _396_/Y (sky130_fd_sc_hd__nand3_4)
                                         _074_ (net)
                  0.16    0.00    3.10 v _398_/B (sky130_fd_sc_hd__and3_4)
     2    0.04    0.05    0.20    3.31 v _398_/X (sky130_fd_sc_hd__and3_4)
                                         _076_ (net)
                  0.05    0.00    3.31 v _401_/C (sky130_fd_sc_hd__or3_4)
     3    0.03    0.07    0.24    3.55 v _401_/X (sky130_fd_sc_hd__or3_4)
                                         _079_ (net)
                  0.07    0.00    3.55 v rebuffer5/A (sky130_fd_sc_hd__clkbuf_2)
     2    0.03    0.08    0.14    3.69 v rebuffer5/X (sky130_fd_sc_hd__clkbuf_2)
                                         net33 (net)
                  0.08    0.00    3.69 v _402_/B (sky130_fd_sc_hd__nand2_1)
     3    0.03    0.20    0.19    3.88 ^ _402_/Y (sky130_fd_sc_hd__nand2_1)
                                         _080_ (net)
                  0.20    0.00    3.89 ^ _403_/B1 (sky130_fd_sc_hd__a21o_1)
     2    0.03    0.20    0.18    4.07 ^ _403_/X (sky130_fd_sc_hd__a21o_1)
                                         _081_ (net)
                  0.20    0.00    4.07 ^ _408_/A2 (sky130_fd_sc_hd__a31o_1)
     1    0.02    0.14    0.19    4.26 ^ _408_/X (sky130_fd_sc_hd__a31o_1)
                                         _086_ (net)
                  0.14    0.00    4.26 ^ _409_/B1 (sky130_fd_sc_hd__a21oi_1)
     1    0.01    0.07    0.05    4.31 v _409_/Y (sky130_fd_sc_hd__a21oi_1)
                                         _087_ (net)
                  0.07    0.00    4.31 v _410_/B1 (sky130_fd_sc_hd__a21oi_1)
     1    0.01    0.23    0.16    4.47 ^ _410_/Y (sky130_fd_sc_hd__a21oi_1)
                                         net25 (net)
                  0.23    0.00    4.47 ^ output25/A (sky130_fd_sc_hd__buf_2)
     1    0.03    0.13    0.18    4.65 ^ output25/X (sky130_fd_sc_hd__buf_2)
                                         out[5] (net)
                  0.13    0.00    4.65 ^ out[5] (out)
                                  4.65   data arrival time

                  0.00   10.00   10.00   clock __VIRTUAL_CLK__ (rise edge)
                          0.00   10.00   clock network delay (ideal)
                         -0.25    9.75   clock uncertainty
                          0.00    9.75   clock reconvergence pessimism
                         -2.00    7.75   output external delay
                                  7.75   data required time
-----------------------------------------------------------------------------
                                  7.75   data required time
                                 -4.65   data arrival time
-----------------------------------------------------------------------------
                                  3.10   slack (MET)


Startpoint: B[0] (input port clocked by __VIRTUAL_CLK__)
Endpoint: out[4] (output port clocked by __VIRTUAL_CLK__)
Path Group: __VIRTUAL_CLK__
Path Type: max
Corner: Fastest

Fanout     Cap    Slew   Delay    Time   Description
-----------------------------------------------------------------------------
                  0.00    0.00    0.00   clock __VIRTUAL_CLK__ (rise edge)
                          0.00    0.00   clock network delay (ideal)
                          2.00    2.00 v input external delay
     1    0.00    0.01    0.00    2.00 v B[0] (in)
                                         B[0] (net)
                  0.01    0.00    2.00 v input9/A (sky130_fd_sc_hd__buf_4)
     5    0.06    0.07    0.13    2.13 v input9/X (sky130_fd_sc_hd__buf_4)
                                         net9 (net)
                  0.07    0.00    2.13 v _251_/A (sky130_fd_sc_hd__buf_6)
    10    0.08    0.06    0.13    2.26 v _251_/X (sky130_fd_sc_hd__buf_6)
                                         _182_ (net)
                  0.06    0.00    2.27 v _252_/A (sky130_fd_sc_hd__clkbuf_4)
    10    0.06    0.09    0.17    2.44 v _252_/X (sky130_fd_sc_hd__clkbuf_4)
                                         _183_ (net)
                  0.09    0.00    2.44 v _298_/A1 (sky130_fd_sc_hd__o21a_2)
     3    0.02    0.06    0.20    2.64 v _298_/X (sky130_fd_sc_hd__o21a_2)
                                         _227_ (net)
                  0.06    0.00    2.64 v _361_/A3 (sky130_fd_sc_hd__o31a_1)
     2    0.01    0.07    0.20    2.83 v _361_/X (sky130_fd_sc_hd__o31a_1)
                                         _040_ (net)
                  0.07    0.00    2.83 v _362_/B (sky130_fd_sc_hd__xnor2_1)
     2    0.03    0.44    0.38    3.21 ^ _362_/Y (sky130_fd_sc_hd__xnor2_1)
                                         _041_ (net)
                  0.44    0.00    3.21 ^ _364_/B (sky130_fd_sc_hd__nor2_1)
     1    0.01    0.11    0.07    3.29 v _364_/Y (sky130_fd_sc_hd__nor2_1)
                                         _043_ (net)
                  0.11    0.00    3.29 v _365_/B (sky130_fd_sc_hd__nor2_1)
     3    0.04    0.48    0.41    3.70 ^ _365_/Y (sky130_fd_sc_hd__nor2_1)
                                         _044_ (net)
                  0.48    0.00    3.70 ^ _367_/A (sky130_fd_sc_hd__nand2_1)
     1    0.01    0.14    0.10    3.80 v _367_/Y (sky130_fd_sc_hd__nand2_1)
                                         _046_ (net)
                  0.14    0.00    3.81 v _372_/A2 (sky130_fd_sc_hd__a31o_1)
     1    0.01    0.06    0.21    4.01 v _372_/X (sky130_fd_sc_hd__a31o_1)
                                         _051_ (net)
                  0.06    0.00    4.01 v _373_/B2 (sky130_fd_sc_hd__o2bb2a_1)
     1    0.00    0.04    0.18    4.19 v _373_/X (sky130_fd_sc_hd__o2bb2a_1)
                                         net24 (net)
                  0.04    0.00    4.19 v output24/A (sky130_fd_sc_hd__buf_2)
     1    0.03    0.06    0.13    4.32 v output24/X (sky130_fd_sc_hd__buf_2)
                                         out[4] (net)
                  0.06    0.00    4.32 v out[4] (out)
                                  4.32   data arrival time

                  0.00   10.00   10.00   clock __VIRTUAL_CLK__ (rise edge)
                          0.00   10.00   clock network delay (ideal)
                         -0.25    9.75   clock uncertainty
                          0.00    9.75   clock reconvergence pessimism
                         -2.00    7.75   output external delay
                                  7.75   data required time
-----------------------------------------------------------------------------
                                  7.75   data required time
                                 -4.32   data arrival time
-----------------------------------------------------------------------------
                                  3.43   slack (MET)


Startpoint: opcode[0] (input port clocked by __VIRTUAL_CLK__)
Endpoint: out[3] (output port clocked by __VIRTUAL_CLK__)
Path Group: __VIRTUAL_CLK__
Path Type: max
Corner: Fastest

Fanout     Cap    Slew   Delay    Time   Description
-----------------------------------------------------------------------------
                  0.00    0.00    0.00   clock __VIRTUAL_CLK__ (rise edge)
                          0.00    0.00   clock network delay (ideal)
                          2.00    2.00 v input external delay
     1    0.00    0.00    0.00    2.00 v opcode[0] (in)
                                         opcode[0] (net)
                  0.00    0.00    2.00 v input17/A (sky130_fd_sc_hd__buf_2)
     5    0.05    0.08    0.13    2.13 v input17/X (sky130_fd_sc_hd__buf_2)
                                         net17 (net)
                  0.08    0.00    2.14 v _275_/A_N (sky130_fd_sc_hd__nand3b_4)
     8    0.06    0.14    0.21    2.34 v _275_/Y (sky130_fd_sc_hd__nand3b_4)
                                         _205_ (net)
                  0.14    0.00    2.34 v rebuffer12/A (sky130_fd_sc_hd__buf_2)
     2    0.02    0.04    0.15    2.49 v rebuffer12/X (sky130_fd_sc_hd__buf_2)
                                         net40 (net)
                  0.04    0.00    2.49 v _276_/A2 (sky130_fd_sc_hd__a21oi_2)
     2    0.03    0.27    0.24    2.74 ^ _276_/Y (sky130_fd_sc_hd__a21oi_2)
                                         _206_ (net)
                  0.27    0.00    2.74 ^ _278_/A1 (sky130_fd_sc_hd__o21a_1)
     2    0.02    0.15    0.19    2.92 ^ _278_/X (sky130_fd_sc_hd__o21a_1)
                                         _208_ (net)
                  0.15    0.00    2.93 ^ _301_/B1 (sky130_fd_sc_hd__a21o_1)
     3    0.04    0.26    0.23    3.15 ^ _301_/X (sky130_fd_sc_hd__a21o_1)
                                         _230_ (net)
                  0.26    0.00    3.15 ^ _312_/A2 (sky130_fd_sc_hd__a21o_1)
     3    0.02    0.16    0.19    3.34 ^ _312_/X (sky130_fd_sc_hd__a21o_1)
                                         _240_ (net)
                  0.16    0.00    3.34 ^ _318_/A (sky130_fd_sc_hd__and3_1)
     2    0.04    0.28    0.29    3.63 ^ _318_/X (sky130_fd_sc_hd__and3_1)
                                         _246_ (net)
                  0.28    0.01    3.64 ^ _320_/A_N (sky130_fd_sc_hd__and3b_1)
     1    0.01    0.04    0.14    3.78 v _320_/X (sky130_fd_sc_hd__and3b_1)
                                         _000_ (net)
                  0.04    0.00    3.78 v _339_/B1 (sky130_fd_sc_hd__o2bb2a_1)
     2    0.02    0.08    0.24    4.01 v _339_/X (sky130_fd_sc_hd__o2bb2a_1)
                                         net23 (net)
                  0.08    0.00    4.02 v output23/A (sky130_fd_sc_hd__buf_2)
     1    0.04    0.07    0.15    4.16 v output23/X (sky130_fd_sc_hd__buf_2)
                                         out[3] (net)
                  0.07    0.00    4.17 v out[3] (out)
                                  4.17   data arrival time

                  0.00   10.00   10.00   clock __VIRTUAL_CLK__ (rise edge)
                          0.00   10.00   clock network delay (ideal)
                         -0.25    9.75   clock uncertainty
                          0.00    9.75   clock reconvergence pessimism
                         -2.00    7.75   output external delay
                                  7.75   data required time
-----------------------------------------------------------------------------
                                  7.75   data required time
                                 -4.17   data arrival time
-----------------------------------------------------------------------------
                                  3.58   slack (MET)


Startpoint: B[0] (input port clocked by __VIRTUAL_CLK__)
Endpoint: out[2] (output port clocked by __VIRTUAL_CLK__)
Path Group: __VIRTUAL_CLK__
Path Type: max
Corner: Fastest

Fanout     Cap    Slew   Delay    Time   Description
-----------------------------------------------------------------------------
                  0.00    0.00    0.00   clock __VIRTUAL_CLK__ (rise edge)
                          0.00    0.00   clock network delay (ideal)
                          2.00    2.00 ^ input external delay
     1    0.00    0.02    0.01    2.01 ^ B[0] (in)
                                         B[0] (net)
                  0.02    0.00    2.01 ^ input9/A (sky130_fd_sc_hd__buf_4)
     5    0.06    0.13    0.15    2.16 ^ input9/X (sky130_fd_sc_hd__buf_4)
                                         net9 (net)
                  0.13    0.00    2.16 ^ _251_/A (sky130_fd_sc_hd__buf_6)
    10    0.09    0.13    0.16    2.32 ^ _251_/X (sky130_fd_sc_hd__buf_6)
                                         _182_ (net)
                  0.13    0.01    2.32 ^ _252_/A (sky130_fd_sc_hd__clkbuf_4)
    10    0.06    0.15    0.21    2.53 ^ _252_/X (sky130_fd_sc_hd__clkbuf_4)
                                         _183_ (net)
                  0.15    0.00    2.53 ^ _276_/A1 (sky130_fd_sc_hd__a21oi_2)
     2    0.03    0.09    0.09    2.63 v _276_/Y (sky130_fd_sc_hd__a21oi_2)
                                         _206_ (net)
                  0.09    0.00    2.63 v _279_/B (sky130_fd_sc_hd__or3_4)
     2    0.03    0.07    0.28    2.91 v _279_/X (sky130_fd_sc_hd__or3_4)
                                         _209_ (net)
                  0.07    0.00    2.91 v _301_/A2 (sky130_fd_sc_hd__a21o_1)
     3    0.04    0.12    0.23    3.14 v _301_/X (sky130_fd_sc_hd__a21o_1)
                                         _230_ (net)
                  0.12    0.00    3.14 v _303_/A2 (sky130_fd_sc_hd__o21a_1)
     1    0.01    0.04    0.16    3.30 v _303_/X (sky130_fd_sc_hd__o21a_1)
                                         _232_ (net)
                  0.04    0.00    3.31 v _308_/A2 (sky130_fd_sc_hd__a211o_1)
     1    0.01    0.05    0.22    3.52 v _308_/X (sky130_fd_sc_hd__a211o_1)
                                         _237_ (net)
                  0.05    0.00    3.52 v _309_/B2 (sky130_fd_sc_hd__o2bb2a_1)
     1    0.03    0.11    0.26    3.78 v _309_/X (sky130_fd_sc_hd__o2bb2a_1)
                                         net22 (net)
                  0.11    0.00    3.78 v output22/A (sky130_fd_sc_hd__buf_2)
     1    0.03    0.06    0.16    3.94 v output22/X (sky130_fd_sc_hd__buf_2)
                                         out[2] (net)
                  0.06    0.00    3.94 v out[2] (out)
                                  3.94   data arrival time

                  0.00   10.00   10.00   clock __VIRTUAL_CLK__ (rise edge)
                          0.00   10.00   clock network delay (ideal)
                         -0.25    9.75   clock uncertainty
                          0.00    9.75   clock reconvergence pessimism
                         -2.00    7.75   output external delay
                                  7.75   data required time
-----------------------------------------------------------------------------
                                  7.75   data required time
                                 -3.94   data arrival time
-----------------------------------------------------------------------------
                                  3.81   slack (MET)


Startpoint: opcode[0] (input port clocked by __VIRTUAL_CLK__)
Endpoint: out[1] (output port clocked by __VIRTUAL_CLK__)
Path Group: __VIRTUAL_CLK__
Path Type: max
Corner: Fastest

Fanout     Cap    Slew   Delay    Time   Description
-----------------------------------------------------------------------------
                  0.00    0.00    0.00   clock __VIRTUAL_CLK__ (rise edge)
                          0.00    0.00   clock network delay (ideal)
                          2.00    2.00 v input external delay
     1    0.00    0.00    0.00    2.00 v opcode[0] (in)
                                         opcode[0] (net)
                  0.00    0.00    2.00 v input17/A (sky130_fd_sc_hd__buf_2)
     5    0.05    0.08    0.13    2.13 v input17/X (sky130_fd_sc_hd__buf_2)
                                         net17 (net)
                  0.08    0.00    2.14 v _275_/A_N (sky130_fd_sc_hd__nand3b_4)
     8    0.06    0.14    0.21    2.34 v _275_/Y (sky130_fd_sc_hd__nand3b_4)
                                         _205_ (net)
                  0.14    0.00    2.34 v rebuffer12/A (sky130_fd_sc_hd__buf_2)
     2    0.02    0.04    0.15    2.49 v rebuffer12/X (sky130_fd_sc_hd__buf_2)
                                         net40 (net)
                  0.04    0.00    2.49 v _276_/A2 (sky130_fd_sc_hd__a21oi_2)
     2    0.03    0.27    0.24    2.74 ^ _276_/Y (sky130_fd_sc_hd__a21oi_2)
                                         _206_ (net)
                  0.27    0.00    2.74 ^ _279_/B (sky130_fd_sc_hd__or3_4)
     2    0.03    0.07    0.15    2.89 ^ _279_/X (sky130_fd_sc_hd__or3_4)
                                         _209_ (net)
                  0.07    0.00    2.89 ^ _280_/B_N (sky130_fd_sc_hd__or2b_1)
     1    0.02    0.09    0.20    3.09 v _280_/X (sky130_fd_sc_hd__or2b_1)
                                         _210_ (net)
                  0.09    0.00    3.09 v _281_/B (sky130_fd_sc_hd__xnor2_1)
     1    0.01    0.05    0.11    3.21 v _281_/Y (sky130_fd_sc_hd__xnor2_1)
                                         _211_ (net)
                  0.05    0.00    3.21 v _286_/A2 (sky130_fd_sc_hd__a211o_1)
     1    0.02    0.08    0.25    3.46 v _286_/X (sky130_fd_sc_hd__a211o_1)
                                         _216_ (net)
                  0.08    0.00    3.46 v _287_/B2 (sky130_fd_sc_hd__o2bb2a_1)
     2    0.02    0.08    0.24    3.70 v _287_/X (sky130_fd_sc_hd__o2bb2a_1)
                                         net21 (net)
                  0.08    0.00    3.70 v output21/A (sky130_fd_sc_hd__buf_2)
     1    0.03    0.06    0.14    3.84 v output21/X (sky130_fd_sc_hd__buf_2)
                                         out[1] (net)
                  0.06    0.00    3.84 v out[1] (out)
                                  3.84   data arrival time

                  0.00   10.00   10.00   clock __VIRTUAL_CLK__ (rise edge)
                          0.00   10.00   clock network delay (ideal)
                         -0.25    9.75   clock uncertainty
                          0.00    9.75   clock reconvergence pessimism
                         -2.00    7.75   output external delay
                                  7.75   data required time
-----------------------------------------------------------------------------
                                  7.75   data required time
                                 -3.84   data arrival time
-----------------------------------------------------------------------------
                                  3.91   slack (MET)


Startpoint: opcode[1] (input port clocked by __VIRTUAL_CLK__)
Endpoint: out[0] (output port clocked by __VIRTUAL_CLK__)
Path Group: __VIRTUAL_CLK__
Path Type: max
Corner: Fastest

Fanout     Cap    Slew   Delay    Time   Description
-----------------------------------------------------------------------------
                  0.00    0.00    0.00   clock __VIRTUAL_CLK__ (rise edge)
                          0.00    0.00   clock network delay (ideal)
                          2.00    2.00 v input external delay
     1    0.00    0.01    0.00    2.00 v opcode[1] (in)
                                         opcode[1] (net)
                  0.01    0.00    2.00 v input18/A (sky130_fd_sc_hd__clkbuf_4)
     5    0.06    0.09    0.14    2.15 v input18/X (sky130_fd_sc_hd__clkbuf_4)
                                         net18 (net)
                  0.09    0.00    2.15 v _249_/B (sky130_fd_sc_hd__or2_2)
     5    0.05    0.11    0.28    2.42 v _249_/X (sky130_fd_sc_hd__or2_2)
                                         _180_ (net)
                  0.11    0.00    2.43 v _258_/B (sky130_fd_sc_hd__nor2_4)
     8    0.07    0.30    0.27    2.70 ^ _258_/Y (sky130_fd_sc_hd__nor2_4)
                                         _189_ (net)
                  0.30    0.00    2.70 ^ _260_/A1 (sky130_fd_sc_hd__o211a_1)
     1    0.01    0.08    0.16    2.87 ^ _260_/X (sky130_fd_sc_hd__o211a_1)
                                         _191_ (net)
                  0.08    0.00    2.87 ^ _261_/B1 (sky130_fd_sc_hd__a31o_1)
     1    0.01    0.06    0.08    2.95 ^ _261_/X (sky130_fd_sc_hd__a31o_1)
                                         _192_ (net)
                  0.06    0.00    2.95 ^ _262_/B2 (sky130_fd_sc_hd__a2bb2o_1)
     2    0.02    0.17    0.19    3.14 ^ _262_/X (sky130_fd_sc_hd__a2bb2o_1)
                                         net20 (net)
                  0.17    0.00    3.15 ^ output20/A (sky130_fd_sc_hd__buf_2)
     1    0.04    0.13    0.18    3.32 ^ output20/X (sky130_fd_sc_hd__buf_2)
                                         out[0] (net)
                  0.13    0.00    3.32 ^ out[0] (out)
                                  3.32   data arrival time

                  0.00   10.00   10.00   clock __VIRTUAL_CLK__ (rise edge)
                          0.00   10.00   clock network delay (ideal)
                         -0.25    9.75   clock uncertainty
                          0.00    9.75   clock reconvergence pessimism
                         -2.00    7.75   output external delay
                                  7.75   data required time
-----------------------------------------------------------------------------
                                  7.75   data required time
                                 -3.32   data arrival time
-----------------------------------------------------------------------------
                                  4.43   slack (MET)



worst slack corner Fastest: 2.8324
======================= Slowest Corner ===================================

Startpoint: B[0] (input port clocked by __VIRTUAL_CLK__)
Endpoint: out[6] (output port clocked by __VIRTUAL_CLK__)
Path Group: __VIRTUAL_CLK__
Path Type: max
Corner: Slowest

Fanout     Cap    Slew   Delay    Time   Description
-----------------------------------------------------------------------------
                  0.00    0.00    0.00   clock __VIRTUAL_CLK__ (rise edge)
                          0.00    0.00   clock network delay (ideal)
                          2.00    2.00 v input external delay
     1    0.00    0.02    0.01    2.01 v B[0] (in)
                                         B[0] (net)
                  0.02    0.00    2.01 v input9/A (sky130_fd_sc_hd__buf_4)
     5    0.06    0.16    0.34    2.35 v input9/X (sky130_fd_sc_hd__buf_4)
                                         net9 (net)
                  0.16    0.00    2.36 v _251_/A (sky130_fd_sc_hd__buf_6)
    10    0.08    0.14    0.36    2.71 v _251_/X (sky130_fd_sc_hd__buf_6)
                                         _182_ (net)
                  0.14    0.00    2.72 v _252_/A (sky130_fd_sc_hd__clkbuf_4)
    10    0.06    0.23    0.45    3.17 v _252_/X (sky130_fd_sc_hd__clkbuf_4)
                                         _183_ (net)
                  0.23    0.00    3.17 v _298_/A1 (sky130_fd_sc_hd__o21a_2)
     3    0.02    0.15    0.58    3.75 v _298_/X (sky130_fd_sc_hd__o21a_2)
                                         _227_ (net)
                  0.15    0.00    3.75 v _361_/A3 (sky130_fd_sc_hd__o31a_1)
     2    0.01    0.17    0.62    4.37 v _361_/X (sky130_fd_sc_hd__o31a_1)
                                         _040_ (net)
                  0.17    0.00    4.37 v _362_/B (sky130_fd_sc_hd__xnor2_1)
     2    0.03    1.01    0.92    5.28 ^ _362_/Y (sky130_fd_sc_hd__xnor2_1)
                                         _041_ (net)
                  1.01    0.00    5.29 ^ _364_/B (sky130_fd_sc_hd__nor2_1)
     1    0.01    0.26    0.47    5.75 v _364_/Y (sky130_fd_sc_hd__nor2_1)
                                         _043_ (net)
                  0.26    0.00    5.76 v _365_/B (sky130_fd_sc_hd__nor2_1)
     3    0.04    1.14    1.01    6.76 ^ _365_/Y (sky130_fd_sc_hd__nor2_1)
                                         _044_ (net)
                  1.14    0.00    6.77 ^ _375_/A1 (sky130_fd_sc_hd__a21o_1)
     2    0.04    0.56    0.91    7.68 ^ _375_/X (sky130_fd_sc_hd__a21o_1)
                                         _053_ (net)
                  0.56    0.00    7.68 ^ _442_/A1 (sky130_fd_sc_hd__a21o_1)
     4    0.03    0.41    0.66    8.34 ^ _442_/X (sky130_fd_sc_hd__a21o_1)
                                         _119_ (net)
                  0.41    0.00    8.34 ^ _448_/A1 (sky130_fd_sc_hd__o21a_1)
     2    0.05    0.69    0.85    9.19 ^ _448_/X (sky130_fd_sc_hd__o21a_1)
                                         _125_ (net)
                  0.69    0.00    9.20 ^ _452_/A2 (sky130_fd_sc_hd__a21oi_1)
     1    0.01    0.23    0.46    9.65 v _452_/Y (sky130_fd_sc_hd__a21oi_1)
                                         _129_ (net)
                  0.23    0.00    9.65 v _453_/B2 (sky130_fd_sc_hd__a22oi_2)
     1    0.02    0.46    0.53   10.18 ^ _453_/Y (sky130_fd_sc_hd__a22oi_2)
                                         net26 (net)
                  0.46    0.00   10.18 ^ output26/A (sky130_fd_sc_hd__buf_2)
     1    0.03    0.27    0.53   10.72 ^ output26/X (sky130_fd_sc_hd__buf_2)
                                         out[6] (net)
                  0.27    0.00   10.72 ^ out[6] (out)
                                 10.72   data arrival time

                  0.00   10.00   10.00   clock __VIRTUAL_CLK__ (rise edge)
                          0.00   10.00   clock network delay (ideal)
                         -0.25    9.75   clock uncertainty
                          0.00    9.75   clock reconvergence pessimism
                         -2.00    7.75   output external delay
                                  7.75   data required time
-----------------------------------------------------------------------------
                                  7.75   data required time
                                -10.72   data arrival time
-----------------------------------------------------------------------------
                                 -2.97   slack (VIOLATED)


Startpoint: B[0] (input port clocked by __VIRTUAL_CLK__)
Endpoint: out[7] (output port clocked by __VIRTUAL_CLK__)
Path Group: __VIRTUAL_CLK__
Path Type: max
Corner: Slowest

Fanout     Cap    Slew   Delay    Time   Description
-----------------------------------------------------------------------------
                  0.00    0.00    0.00   clock __VIRTUAL_CLK__ (rise edge)
                          0.00    0.00   clock network delay (ideal)
                          2.00    2.00 v input external delay
     1    0.00    0.02    0.01    2.01 v B[0] (in)
                                         B[0] (net)
                  0.02    0.00    2.01 v input9/A (sky130_fd_sc_hd__buf_4)
     5    0.06    0.16    0.34    2.35 v input9/X (sky130_fd_sc_hd__buf_4)
                                         net9 (net)
                  0.16    0.00    2.36 v _251_/A (sky130_fd_sc_hd__buf_6)
    10    0.08    0.14    0.36    2.71 v _251_/X (sky130_fd_sc_hd__buf_6)
                                         _182_ (net)
                  0.14    0.00    2.72 v _252_/A (sky130_fd_sc_hd__clkbuf_4)
    10    0.06    0.23    0.45    3.17 v _252_/X (sky130_fd_sc_hd__clkbuf_4)
                                         _183_ (net)
                  0.23    0.00    3.17 v _298_/A1 (sky130_fd_sc_hd__o21a_2)
     3    0.02    0.15    0.58    3.75 v _298_/X (sky130_fd_sc_hd__o21a_2)
                                         _227_ (net)
                  0.15    0.00    3.75 v _361_/A3 (sky130_fd_sc_hd__o31a_1)
     2    0.01    0.17    0.62    4.37 v _361_/X (sky130_fd_sc_hd__o31a_1)
                                         _040_ (net)
                  0.17    0.00    4.37 v _362_/B (sky130_fd_sc_hd__xnor2_1)
     2    0.03    1.01    0.92    5.28 ^ _362_/Y (sky130_fd_sc_hd__xnor2_1)
                                         _041_ (net)
                  1.01    0.00    5.29 ^ _364_/B (sky130_fd_sc_hd__nor2_1)
     1    0.01    0.26    0.47    5.75 v _364_/Y (sky130_fd_sc_hd__nor2_1)
                                         _043_ (net)
                  0.26    0.00    5.76 v _365_/B (sky130_fd_sc_hd__nor2_1)
     3    0.04    1.14    1.01    6.76 ^ _365_/Y (sky130_fd_sc_hd__nor2_1)
                                         _044_ (net)
                  1.14    0.00    6.77 ^ _375_/A1 (sky130_fd_sc_hd__a21o_1)
     2    0.04    0.56    0.91    7.68 ^ _375_/X (sky130_fd_sc_hd__a21o_1)
                                         _053_ (net)
                  0.56    0.00    7.68 ^ _442_/A1 (sky130_fd_sc_hd__a21o_1)
     4    0.03    0.41    0.66    8.34 ^ _442_/X (sky130_fd_sc_hd__a21o_1)
                                         _119_ (net)
                  0.41    0.00    8.34 ^ _455_/A1 (sky130_fd_sc_hd__a21oi_2)
     1    0.02    0.24    0.34    8.68 v _455_/Y (sky130_fd_sc_hd__a21oi_2)
                                         _131_ (net)
                  0.24    0.00    8.68 v _464_/A1 (sky130_fd_sc_hd__o311a_1)
     1    0.01    0.15    0.83    9.51 v _464_/X (sky130_fd_sc_hd__o311a_1)
                                         _140_ (net)
                  0.15    0.00    9.51 v _503_/A1 (sky130_fd_sc_hd__o32a_4)
     1    0.02    0.17    0.81   10.32 v _503_/X (sky130_fd_sc_hd__o32a_4)
                                         net27 (net)
                  0.17    0.00   10.32 v output27/A (sky130_fd_sc_hd__buf_8)
     1    0.03    0.07    0.30   10.62 v output27/X (sky130_fd_sc_hd__buf_8)
                                         out[7] (net)
                  0.07    0.00   10.62 v out[7] (out)
                                 10.62   data arrival time

                  0.00   10.00   10.00   clock __VIRTUAL_CLK__ (rise edge)
                          0.00   10.00   clock network delay (ideal)
                         -0.25    9.75   clock uncertainty
                          0.00    9.75   clock reconvergence pessimism
                         -2.00    7.75   output external delay
                                  7.75   data required time
-----------------------------------------------------------------------------
                                  7.75   data required time
                                -10.62   data arrival time
-----------------------------------------------------------------------------
                                 -2.87   slack (VIOLATED)


Startpoint: B[3] (input port clocked by __VIRTUAL_CLK__)
Endpoint: out[5] (output port clocked by __VIRTUAL_CLK__)
Path Group: __VIRTUAL_CLK__
Path Type: max
Corner: Slowest

Fanout     Cap    Slew   Delay    Time   Description
-----------------------------------------------------------------------------
                  0.00    0.00    0.00   clock __VIRTUAL_CLK__ (rise edge)
                          0.00    0.00   clock network delay (ideal)
                          2.00    2.00 ^ input external delay
     1    0.00    0.03    0.02    2.02 ^ B[3] (in)
                                         B[3] (net)
                  0.03    0.00    2.02 ^ input12/A (sky130_fd_sc_hd__buf_2)
     8    0.06    0.47    0.49    2.51 ^ input12/X (sky130_fd_sc_hd__buf_2)
                                         net12 (net)
                  0.47    0.01    2.51 ^ _391_/C (sky130_fd_sc_hd__and4_1)
     2    0.03    0.48    0.87    3.38 ^ _391_/X (sky130_fd_sc_hd__and4_1)
                                         _069_ (net)
                  0.48    0.00    3.39 ^ _393_/A_N (sky130_fd_sc_hd__and2b_1)
     1    0.02    0.21    0.67    4.05 v _393_/X (sky130_fd_sc_hd__and2b_1)
                                         _071_ (net)
                  0.21    0.00    4.06 v _394_/B (sky130_fd_sc_hd__xnor2_4)
     3    0.05    0.57    0.59    4.64 ^ _394_/Y (sky130_fd_sc_hd__xnor2_4)
                                         _072_ (net)
                  0.57    0.00    4.65 ^ _396_/A (sky130_fd_sc_hd__nand3_4)
     3    0.05    0.40    0.54    5.18 v _396_/Y (sky130_fd_sc_hd__nand3_4)
                                         _074_ (net)
                  0.40    0.00    5.19 v _398_/B (sky130_fd_sc_hd__and3_4)
     2    0.04    0.13    0.57    5.76 v _398_/X (sky130_fd_sc_hd__and3_4)
                                         _076_ (net)
                  0.13    0.00    5.76 v _401_/C (sky130_fd_sc_hd__or3_4)
     3    0.03    0.18    0.81    6.57 v _401_/X (sky130_fd_sc_hd__or3_4)
                                         _079_ (net)
                  0.18    0.00    6.57 v rebuffer5/A (sky130_fd_sc_hd__clkbuf_2)
     2    0.03    0.20    0.38    6.95 v rebuffer5/X (sky130_fd_sc_hd__clkbuf_2)
                                         net33 (net)
                  0.20    0.00    6.95 v _402_/B (sky130_fd_sc_hd__nand2_1)
     3    0.03    0.43    0.44    7.40 ^ _402_/Y (sky130_fd_sc_hd__nand2_1)
                                         _080_ (net)
                  0.43    0.00    7.40 ^ _403_/B1 (sky130_fd_sc_hd__a21o_1)
     2    0.03    0.42    0.55    7.94 ^ _403_/X (sky130_fd_sc_hd__a21o_1)
                                         _081_ (net)
                  0.42    0.00    7.95 ^ _408_/A2 (sky130_fd_sc_hd__a31o_1)
     1    0.02    0.31    0.62    8.57 ^ _408_/X (sky130_fd_sc_hd__a31o_1)
                                         _086_ (net)
                  0.31    0.00    8.57 ^ _409_/B1 (sky130_fd_sc_hd__a21oi_1)
     1    0.01    0.18    0.20    8.77 v _409_/Y (sky130_fd_sc_hd__a21oi_1)
                                         _087_ (net)
                  0.18    0.00    8.77 v _410_/B1 (sky130_fd_sc_hd__a21oi_1)
     1    0.01    0.50    0.51    9.28 ^ _410_/Y (sky130_fd_sc_hd__a21oi_1)
                                         net25 (net)
                  0.50    0.00    9.28 ^ output25/A (sky130_fd_sc_hd__buf_2)
     1    0.03    0.28    0.55    9.83 ^ output25/X (sky130_fd_sc_hd__buf_2)
                                         out[5] (net)
                  0.28    0.00    9.83 ^ out[5] (out)
                                  9.83   data arrival time

                  0.00   10.00   10.00   clock __VIRTUAL_CLK__ (rise edge)
                          0.00   10.00   clock network delay (ideal)
                         -0.25    9.75   clock uncertainty
                          0.00    9.75   clock reconvergence pessimism
                         -2.00    7.75   output external delay
                                  7.75   data required time
-----------------------------------------------------------------------------
                                  7.75   data required time
                                 -9.83   data arrival time
-----------------------------------------------------------------------------
                                 -2.08   slack (VIOLATED)


Startpoint: B[0] (input port clocked by __VIRTUAL_CLK__)
Endpoint: out[4] (output port clocked by __VIRTUAL_CLK__)
Path Group: __VIRTUAL_CLK__
Path Type: max
Corner: Slowest

Fanout     Cap    Slew   Delay    Time   Description
-----------------------------------------------------------------------------
                  0.00    0.00    0.00   clock __VIRTUAL_CLK__ (rise edge)
                          0.00    0.00   clock network delay (ideal)
                          2.00    2.00 v input external delay
     1    0.00    0.02    0.01    2.01 v B[0] (in)
                                         B[0] (net)
                  0.02    0.00    2.01 v input9/A (sky130_fd_sc_hd__buf_4)
     5    0.06    0.16    0.34    2.35 v input9/X (sky130_fd_sc_hd__buf_4)
                                         net9 (net)
                  0.16    0.00    2.36 v _251_/A (sky130_fd_sc_hd__buf_6)
    10    0.08    0.14    0.36    2.71 v _251_/X (sky130_fd_sc_hd__buf_6)
                                         _182_ (net)
                  0.14    0.00    2.72 v _252_/A (sky130_fd_sc_hd__clkbuf_4)
    10    0.06    0.23    0.45    3.17 v _252_/X (sky130_fd_sc_hd__clkbuf_4)
                                         _183_ (net)
                  0.23    0.00    3.17 v _298_/A1 (sky130_fd_sc_hd__o21a_2)
     3    0.02    0.15    0.58    3.75 v _298_/X (sky130_fd_sc_hd__o21a_2)
                                         _227_ (net)
                  0.15    0.00    3.75 v _361_/A3 (sky130_fd_sc_hd__o31a_1)
     2    0.01    0.17    0.62    4.37 v _361_/X (sky130_fd_sc_hd__o31a_1)
                                         _040_ (net)
                  0.17    0.00    4.37 v _362_/B (sky130_fd_sc_hd__xnor2_1)
     2    0.03    1.01    0.92    5.28 ^ _362_/Y (sky130_fd_sc_hd__xnor2_1)
                                         _041_ (net)
                  1.01    0.00    5.29 ^ _364_/B (sky130_fd_sc_hd__nor2_1)
     1    0.01    0.26    0.47    5.75 v _364_/Y (sky130_fd_sc_hd__nor2_1)
                                         _043_ (net)
                  0.26    0.00    5.76 v _365_/B (sky130_fd_sc_hd__nor2_1)
     3    0.04    1.14    1.01    6.76 ^ _365_/Y (sky130_fd_sc_hd__nor2_1)
                                         _044_ (net)
                  1.14    0.00    6.77 ^ _367_/A (sky130_fd_sc_hd__nand2_1)
     1    0.01    0.37    0.63    7.39 v _367_/Y (sky130_fd_sc_hd__nand2_1)
                                         _046_ (net)
                  0.37    0.00    7.39 v _372_/A2 (sky130_fd_sc_hd__a31o_1)
     1    0.01    0.14    0.61    8.00 v _372_/X (sky130_fd_sc_hd__a31o_1)
                                         _051_ (net)
                  0.14    0.00    8.00 v _373_/B2 (sky130_fd_sc_hd__o2bb2a_1)
     1    0.00    0.10    0.66    8.66 v _373_/X (sky130_fd_sc_hd__o2bb2a_1)
                                         net24 (net)
                  0.10    0.00    8.66 v output24/A (sky130_fd_sc_hd__buf_2)
     1    0.03    0.17    0.38    9.04 v output24/X (sky130_fd_sc_hd__buf_2)
                                         out[4] (net)
                  0.17    0.00    9.04 v out[4] (out)
                                  9.04   data arrival time

                  0.00   10.00   10.00   clock __VIRTUAL_CLK__ (rise edge)
                          0.00   10.00   clock network delay (ideal)
                         -0.25    9.75   clock uncertainty
                          0.00    9.75   clock reconvergence pessimism
                         -2.00    7.75   output external delay
                                  7.75   data required time
-----------------------------------------------------------------------------
                                  7.75   data required time
                                 -9.04   data arrival time
-----------------------------------------------------------------------------
                                 -1.29   slack (VIOLATED)


Startpoint: opcode[0] (input port clocked by __VIRTUAL_CLK__)
Endpoint: out[3] (output port clocked by __VIRTUAL_CLK__)
Path Group: __VIRTUAL_CLK__
Path Type: max
Corner: Slowest

Fanout     Cap    Slew   Delay    Time   Description
-----------------------------------------------------------------------------
                  0.00    0.00    0.00   clock __VIRTUAL_CLK__ (rise edge)
                          0.00    0.00   clock network delay (ideal)
                          2.00    2.00 v input external delay
     1    0.00    0.02    0.01    2.01 v opcode[0] (in)
                                         opcode[0] (net)
                  0.02    0.00    2.01 v input17/A (sky130_fd_sc_hd__buf_2)
     5    0.05    0.22    0.38    2.39 v input17/X (sky130_fd_sc_hd__buf_2)
                                         net17 (net)
                  0.22    0.00    2.39 v _275_/A_N (sky130_fd_sc_hd__nand3b_4)
     8    0.06    0.43    0.64    3.03 v _275_/Y (sky130_fd_sc_hd__nand3b_4)
                                         _205_ (net)
                  0.43    0.00    3.03 v rebuffer12/A (sky130_fd_sc_hd__buf_2)
     2    0.02    0.11    0.49    3.52 v rebuffer12/X (sky130_fd_sc_hd__buf_2)
                                         net40 (net)
                  0.11    0.00    3.52 v _276_/A2 (sky130_fd_sc_hd__a21oi_2)
     2    0.03    0.60    0.59    4.12 ^ _276_/Y (sky130_fd_sc_hd__a21oi_2)
                                         _206_ (net)
                  0.60    0.00    4.12 ^ _278_/A1 (sky130_fd_sc_hd__o21a_1)
     2    0.02    0.32    0.64    4.76 ^ _278_/X (sky130_fd_sc_hd__o21a_1)
                                         _208_ (net)
                  0.32    0.00    4.76 ^ _301_/B1 (sky130_fd_sc_hd__a21o_1)
     3    0.04    0.53    0.60    5.35 ^ _301_/X (sky130_fd_sc_hd__a21o_1)
                                         _230_ (net)
                  0.53    0.00    5.36 ^ _312_/A2 (sky130_fd_sc_hd__a21o_1)
     3    0.02    0.32    0.60    5.96 ^ _312_/X (sky130_fd_sc_hd__a21o_1)
                                         _240_ (net)
                  0.32    0.00    5.96 ^ _318_/A (sky130_fd_sc_hd__and3_1)
     2    0.04    0.57    0.78    6.74 ^ _318_/X (sky130_fd_sc_hd__and3_1)
                                         _246_ (net)
                  0.57    0.01    6.75 ^ _320_/A_N (sky130_fd_sc_hd__and3b_1)
     1    0.01    0.09    0.57    7.31 v _320_/X (sky130_fd_sc_hd__and3b_1)
                                         _000_ (net)
                  0.09    0.00    7.31 v _339_/B1 (sky130_fd_sc_hd__o2bb2a_1)
     2    0.02    0.23    0.83    8.15 v _339_/X (sky130_fd_sc_hd__o2bb2a_1)
                                         net23 (net)
                  0.23    0.00    8.15 v output23/A (sky130_fd_sc_hd__buf_2)
     1    0.04    0.17    0.45    8.60 v output23/X (sky130_fd_sc_hd__buf_2)
                                         out[3] (net)
                  0.17    0.00    8.60 v out[3] (out)
                                  8.60   data arrival time

                  0.00   10.00   10.00   clock __VIRTUAL_CLK__ (rise edge)
                          0.00   10.00   clock network delay (ideal)
                         -0.25    9.75   clock uncertainty
                          0.00    9.75   clock reconvergence pessimism
                         -2.00    7.75   output external delay
                                  7.75   data required time
-----------------------------------------------------------------------------
                                  7.75   data required time
                                 -8.60   data arrival time
-----------------------------------------------------------------------------
                                 -0.85   slack (VIOLATED)


Startpoint: opcode[0] (input port clocked by __VIRTUAL_CLK__)
Endpoint: out[2] (output port clocked by __VIRTUAL_CLK__)
Path Group: __VIRTUAL_CLK__
Path Type: max
Corner: Slowest

Fanout     Cap    Slew   Delay    Time   Description
-----------------------------------------------------------------------------
                  0.00    0.00    0.00   clock __VIRTUAL_CLK__ (rise edge)
                          0.00    0.00   clock network delay (ideal)
                          2.00    2.00 v input external delay
     1    0.00    0.02    0.01    2.01 v opcode[0] (in)
                                         opcode[0] (net)
                  0.02    0.00    2.01 v input17/A (sky130_fd_sc_hd__buf_2)
     5    0.05    0.22    0.38    2.39 v input17/X (sky130_fd_sc_hd__buf_2)
                                         net17 (net)
                  0.22    0.00    2.39 v _275_/A_N (sky130_fd_sc_hd__nand3b_4)
     8    0.06    0.43    0.64    3.03 v _275_/Y (sky130_fd_sc_hd__nand3b_4)
                                         _205_ (net)
                  0.43    0.00    3.03 v rebuffer12/A (sky130_fd_sc_hd__buf_2)
     2    0.02    0.11    0.49    3.52 v rebuffer12/X (sky130_fd_sc_hd__buf_2)
                                         net40 (net)
                  0.11    0.00    3.52 v _276_/A2 (sky130_fd_sc_hd__a21oi_2)
     2    0.03    0.60    0.59    4.12 ^ _276_/Y (sky130_fd_sc_hd__a21oi_2)
                                         _206_ (net)
                  0.60    0.00    4.12 ^ _278_/A1 (sky130_fd_sc_hd__o21a_1)
     2    0.02    0.32    0.64    4.76 ^ _278_/X (sky130_fd_sc_hd__o21a_1)
                                         _208_ (net)
                  0.32    0.00    4.76 ^ _301_/B1 (sky130_fd_sc_hd__a21o_1)
     3    0.04    0.53    0.60    5.35 ^ _301_/X (sky130_fd_sc_hd__a21o_1)
                                         _230_ (net)
                  0.53    0.00    5.36 ^ _302_/B (sky130_fd_sc_hd__nand2_1)
     1    0.02    0.33    0.48    5.83 v _302_/Y (sky130_fd_sc_hd__nand2_1)
                                         _231_ (net)
                  0.33    0.00    5.83 v _308_/A1 (sky130_fd_sc_hd__a211o_1)
     1    0.01    0.14    0.68    6.51 v _308_/X (sky130_fd_sc_hd__a211o_1)
                                         _237_ (net)
                  0.14    0.00    6.52 v _309_/B2 (sky130_fd_sc_hd__o2bb2a_1)
     1    0.03    0.30    0.89    7.41 v _309_/X (sky130_fd_sc_hd__o2bb2a_1)
                                         net22 (net)
                  0.30    0.00    7.41 v output22/A (sky130_fd_sc_hd__buf_2)
     1    0.03    0.17    0.48    7.89 v output22/X (sky130_fd_sc_hd__buf_2)
                                         out[2] (net)
                  0.17    0.00    7.89 v out[2] (out)
                                  7.89   data arrival time

                  0.00   10.00   10.00   clock __VIRTUAL_CLK__ (rise edge)
                          0.00   10.00   clock network delay (ideal)
                         -0.25    9.75   clock uncertainty
                          0.00    9.75   clock reconvergence pessimism
                         -2.00    7.75   output external delay
                                  7.75   data required time
-----------------------------------------------------------------------------
                                  7.75   data required time
                                 -7.89   data arrival time
-----------------------------------------------------------------------------
                                 -0.14   slack (VIOLATED)


Startpoint: opcode[0] (input port clocked by __VIRTUAL_CLK__)
Endpoint: out[1] (output port clocked by __VIRTUAL_CLK__)
Path Group: __VIRTUAL_CLK__
Path Type: max
Corner: Slowest

Fanout     Cap    Slew   Delay    Time   Description
-----------------------------------------------------------------------------
                  0.00    0.00    0.00   clock __VIRTUAL_CLK__ (rise edge)
                          0.00    0.00   clock network delay (ideal)
                          2.00    2.00 v input external delay
     1    0.00    0.02    0.01    2.01 v opcode[0] (in)
                                         opcode[0] (net)
                  0.02    0.00    2.01 v input17/A (sky130_fd_sc_hd__buf_2)
     5    0.05    0.22    0.38    2.39 v input17/X (sky130_fd_sc_hd__buf_2)
                                         net17 (net)
                  0.22    0.00    2.39 v _275_/A_N (sky130_fd_sc_hd__nand3b_4)
     8    0.06    0.43    0.64    3.03 v _275_/Y (sky130_fd_sc_hd__nand3b_4)
                                         _205_ (net)
                  0.43    0.00    3.03 v rebuffer12/A (sky130_fd_sc_hd__buf_2)
     2    0.02    0.11    0.49    3.52 v rebuffer12/X (sky130_fd_sc_hd__buf_2)
                                         net40 (net)
                  0.11    0.00    3.52 v _276_/A2 (sky130_fd_sc_hd__a21oi_2)
     2    0.03    0.60    0.59    4.12 ^ _276_/Y (sky130_fd_sc_hd__a21oi_2)
                                         _206_ (net)
                  0.60    0.00    4.12 ^ _279_/B (sky130_fd_sc_hd__or3_4)
     2    0.03    0.14    0.53    4.65 ^ _279_/X (sky130_fd_sc_hd__or3_4)
                                         _209_ (net)
                  0.14    0.00    4.66 ^ _280_/B_N (sky130_fd_sc_hd__or2b_1)
     1    0.02    0.25    0.73    5.38 v _280_/X (sky130_fd_sc_hd__or2b_1)
                                         _210_ (net)
                  0.25    0.00    5.39 v _281_/B (sky130_fd_sc_hd__xnor2_1)
     1    0.01    0.14    0.34    5.72 v _281_/Y (sky130_fd_sc_hd__xnor2_1)
                                         _211_ (net)
                  0.14    0.00    5.72 v _286_/A2 (sky130_fd_sc_hd__a211o_1)
     1    0.02    0.20    0.74    6.46 v _286_/X (sky130_fd_sc_hd__a211o_1)
                                         _216_ (net)
                  0.20    0.00    6.46 v _287_/B2 (sky130_fd_sc_hd__o2bb2a_1)
     2    0.02    0.22    0.84    7.30 v _287_/X (sky130_fd_sc_hd__o2bb2a_1)
                                         net21 (net)
                  0.22    0.00    7.31 v output21/A (sky130_fd_sc_hd__buf_2)
     1    0.03    0.17    0.44    7.74 v output21/X (sky130_fd_sc_hd__buf_2)
                                         out[1] (net)
                  0.17    0.00    7.74 v out[1] (out)
                                  7.74   data arrival time

                  0.00   10.00   10.00   clock __VIRTUAL_CLK__ (rise edge)
                          0.00   10.00   clock network delay (ideal)
                         -0.25    9.75   clock uncertainty
                          0.00    9.75   clock reconvergence pessimism
                         -2.00    7.75   output external delay
                                  7.75   data required time
-----------------------------------------------------------------------------
                                  7.75   data required time
                                 -7.74   data arrival time
-----------------------------------------------------------------------------
                                  0.01   slack (MET)


Startpoint: opcode[0] (input port clocked by __VIRTUAL_CLK__)
Endpoint: out[0] (output port clocked by __VIRTUAL_CLK__)
Path Group: __VIRTUAL_CLK__
Path Type: max
Corner: Slowest

Fanout     Cap    Slew   Delay    Time   Description
-----------------------------------------------------------------------------
                  0.00    0.00    0.00   clock __VIRTUAL_CLK__ (rise edge)
                          0.00    0.00   clock network delay (ideal)
                          2.00    2.00 v input external delay
     1    0.00    0.02    0.01    2.01 v opcode[0] (in)
                                         opcode[0] (net)
                  0.02    0.00    2.01 v input17/A (sky130_fd_sc_hd__buf_2)
     5    0.05    0.22    0.38    2.39 v input17/X (sky130_fd_sc_hd__buf_2)
                                         net17 (net)
                  0.22    0.00    2.39 v _249_/A (sky130_fd_sc_hd__or2_2)
     5    0.05    0.31    1.02    3.41 v _249_/X (sky130_fd_sc_hd__or2_2)
                                         _180_ (net)
                  0.31    0.00    3.41 v _258_/B (sky130_fd_sc_hd__nor2_4)
     8    0.07    0.66    0.67    4.08 ^ _258_/Y (sky130_fd_sc_hd__nor2_4)
                                         _189_ (net)
                  0.66    0.00    4.09 ^ _260_/A1 (sky130_fd_sc_hd__o211a_1)
     1    0.01    0.19    0.64    4.72 ^ _260_/X (sky130_fd_sc_hd__o211a_1)
                                         _191_ (net)
                  0.19    0.00    4.73 ^ _261_/B1 (sky130_fd_sc_hd__a31o_1)
     1    0.01    0.14    0.27    5.00 ^ _261_/X (sky130_fd_sc_hd__a31o_1)
                                         _192_ (net)
                  0.14    0.00    5.00 ^ _262_/B2 (sky130_fd_sc_hd__a2bb2o_1)
     2    0.02    0.36    0.50    5.50 ^ _262_/X (sky130_fd_sc_hd__a2bb2o_1)
                                         net20 (net)
                  0.36    0.00    5.50 ^ output20/A (sky130_fd_sc_hd__buf_2)
     1    0.04    0.28    0.50    6.00 ^ output20/X (sky130_fd_sc_hd__buf_2)
                                         out[0] (net)
                  0.28    0.00    6.00 ^ out[0] (out)
                                  6.00   data arrival time

                  0.00   10.00   10.00   clock __VIRTUAL_CLK__ (rise edge)
                          0.00   10.00   clock network delay (ideal)
                         -0.25    9.75   clock uncertainty
                          0.00    9.75   clock reconvergence pessimism
                         -2.00    7.75   output external delay
                                  7.75   data required time
-----------------------------------------------------------------------------
                                  7.75   data required time
                                 -6.00   data arrival time
-----------------------------------------------------------------------------
                                  1.75   slack (MET)



worst slack corner Slowest: -2.9664
======================= Typical Corner ===================================

Startpoint: B[0] (input port clocked by __VIRTUAL_CLK__)
Endpoint: out[6] (output port clocked by __VIRTUAL_CLK__)
Path Group: __VIRTUAL_CLK__
Path Type: max
Corner: Typical

Fanout     Cap    Slew   Delay    Time   Description
-----------------------------------------------------------------------------
                  0.00    0.00    0.00   clock __VIRTUAL_CLK__ (rise edge)
                          0.00    0.00   clock network delay (ideal)
                          2.00    2.00 v input external delay
     1    0.00    0.01    0.01    2.01 v B[0] (in)
                                         B[0] (net)
                  0.01    0.00    2.01 v input9/A (sky130_fd_sc_hd__buf_4)
     5    0.06    0.09    0.19    2.19 v input9/X (sky130_fd_sc_hd__buf_4)
                                         net9 (net)
                  0.09    0.00    2.20 v _251_/A (sky130_fd_sc_hd__buf_6)
    10    0.08    0.08    0.19    2.39 v _251_/X (sky130_fd_sc_hd__buf_6)
                                         _182_ (net)
                  0.08    0.00    2.39 v _252_/A (sky130_fd_sc_hd__clkbuf_4)
    10    0.06    0.13    0.25    2.64 v _252_/X (sky130_fd_sc_hd__clkbuf_4)
                                         _183_ (net)
                  0.13    0.00    2.65 v _298_/A1 (sky130_fd_sc_hd__o21a_2)
     3    0.02    0.08    0.31    2.95 v _298_/X (sky130_fd_sc_hd__o21a_2)
                                         _227_ (net)
                  0.08    0.00    2.95 v _361_/A3 (sky130_fd_sc_hd__o31a_1)
     2    0.01    0.09    0.32    3.27 v _361_/X (sky130_fd_sc_hd__o31a_1)
                                         _040_ (net)
                  0.09    0.00    3.27 v _362_/B (sky130_fd_sc_hd__xnor2_1)
     2    0.03    0.62    0.55    3.81 ^ _362_/Y (sky130_fd_sc_hd__xnor2_1)
                                         _041_ (net)
                  0.62    0.00    3.82 ^ _364_/B (sky130_fd_sc_hd__nor2_1)
     1    0.01    0.16    0.19    4.00 v _364_/Y (sky130_fd_sc_hd__nor2_1)
                                         _043_ (net)
                  0.16    0.00    4.00 v _365_/B (sky130_fd_sc_hd__nor2_1)
     3    0.04    0.68    0.60    4.60 ^ _365_/Y (sky130_fd_sc_hd__nor2_1)
                                         _044_ (net)
                  0.68    0.00    4.60 ^ _375_/A1 (sky130_fd_sc_hd__a21o_1)
     2    0.04    0.35    0.44    5.04 ^ _375_/X (sky130_fd_sc_hd__a21o_1)
                                         _053_ (net)
                  0.35    0.00    5.04 ^ _442_/A1 (sky130_fd_sc_hd__a21o_1)
     4    0.03    0.26    0.34    5.38 ^ _442_/X (sky130_fd_sc_hd__a21o_1)
                                         _119_ (net)
                  0.26    0.00    5.38 ^ _448_/A1 (sky130_fd_sc_hd__o21a_1)
     2    0.05    0.43    0.47    5.85 ^ _448_/X (sky130_fd_sc_hd__o21a_1)
                                         _125_ (net)
                  0.43    0.00    5.85 ^ _452_/A2 (sky130_fd_sc_hd__a21oi_1)
     1    0.01    0.12    0.19    6.04 v _452_/Y (sky130_fd_sc_hd__a21oi_1)
                                         _129_ (net)
                  0.12    0.00    6.04 v _453_/B2 (sky130_fd_sc_hd__a22oi_2)
     1    0.02    0.30    0.31    6.36 ^ _453_/Y (sky130_fd_sc_hd__a22oi_2)
                                         net26 (net)
                  0.30    0.00    6.36 ^ output26/A (sky130_fd_sc_hd__buf_2)
     1    0.03    0.17    0.29    6.64 ^ output26/X (sky130_fd_sc_hd__buf_2)
                                         out[6] (net)
                  0.17    0.00    6.64 ^ out[6] (out)
                                  6.64   data arrival time

                  0.00   10.00   10.00   clock __VIRTUAL_CLK__ (rise edge)
                          0.00   10.00   clock network delay (ideal)
                         -0.25    9.75   clock uncertainty
                          0.00    9.75   clock reconvergence pessimism
                         -2.00    7.75   output external delay
                                  7.75   data required time
-----------------------------------------------------------------------------
                                  7.75   data required time
                                 -6.64   data arrival time
-----------------------------------------------------------------------------
                                  1.11   slack (MET)


Startpoint: B[0] (input port clocked by __VIRTUAL_CLK__)
Endpoint: out[7] (output port clocked by __VIRTUAL_CLK__)
Path Group: __VIRTUAL_CLK__
Path Type: max
Corner: Typical

Fanout     Cap    Slew   Delay    Time   Description
-----------------------------------------------------------------------------
                  0.00    0.00    0.00   clock __VIRTUAL_CLK__ (rise edge)
                          0.00    0.00   clock network delay (ideal)
                          2.00    2.00 v input external delay
     1    0.00    0.01    0.01    2.01 v B[0] (in)
                                         B[0] (net)
                  0.01    0.00    2.01 v input9/A (sky130_fd_sc_hd__buf_4)
     5    0.06    0.09    0.19    2.19 v input9/X (sky130_fd_sc_hd__buf_4)
                                         net9 (net)
                  0.09    0.00    2.20 v _251_/A (sky130_fd_sc_hd__buf_6)
    10    0.08    0.08    0.19    2.39 v _251_/X (sky130_fd_sc_hd__buf_6)
                                         _182_ (net)
                  0.08    0.00    2.39 v _252_/A (sky130_fd_sc_hd__clkbuf_4)
    10    0.06    0.13    0.25    2.64 v _252_/X (sky130_fd_sc_hd__clkbuf_4)
                                         _183_ (net)
                  0.13    0.00    2.65 v _298_/A1 (sky130_fd_sc_hd__o21a_2)
     3    0.02    0.08    0.31    2.95 v _298_/X (sky130_fd_sc_hd__o21a_2)
                                         _227_ (net)
                  0.08    0.00    2.95 v _361_/A3 (sky130_fd_sc_hd__o31a_1)
     2    0.01    0.09    0.32    3.27 v _361_/X (sky130_fd_sc_hd__o31a_1)
                                         _040_ (net)
                  0.09    0.00    3.27 v _362_/B (sky130_fd_sc_hd__xnor2_1)
     2    0.03    0.62    0.55    3.81 ^ _362_/Y (sky130_fd_sc_hd__xnor2_1)
                                         _041_ (net)
                  0.62    0.00    3.82 ^ _364_/B (sky130_fd_sc_hd__nor2_1)
     1    0.01    0.16    0.19    4.00 v _364_/Y (sky130_fd_sc_hd__nor2_1)
                                         _043_ (net)
                  0.16    0.00    4.00 v _365_/B (sky130_fd_sc_hd__nor2_1)
     3    0.04    0.68    0.60    4.60 ^ _365_/Y (sky130_fd_sc_hd__nor2_1)
                                         _044_ (net)
                  0.68    0.00    4.60 ^ _375_/A1 (sky130_fd_sc_hd__a21o_1)
     2    0.04    0.35    0.44    5.04 ^ _375_/X (sky130_fd_sc_hd__a21o_1)
                                         _053_ (net)
                  0.35    0.00    5.04 ^ _442_/A1 (sky130_fd_sc_hd__a21o_1)
     4    0.03    0.26    0.34    5.38 ^ _442_/X (sky130_fd_sc_hd__a21o_1)
                                         _119_ (net)
                  0.26    0.00    5.38 ^ _455_/A1 (sky130_fd_sc_hd__a21oi_2)
     1    0.02    0.13    0.16    5.54 v _455_/Y (sky130_fd_sc_hd__a21oi_2)
                                         _131_ (net)
                  0.13    0.00    5.54 v _464_/A1 (sky130_fd_sc_hd__o311a_1)
     1    0.01    0.08    0.43    5.98 v _464_/X (sky130_fd_sc_hd__o311a_1)
                                         _140_ (net)
                  0.08    0.00    5.98 v _503_/A1 (sky130_fd_sc_hd__o32a_4)
     1    0.02    0.08    0.44    6.42 v _503_/X (sky130_fd_sc_hd__o32a_4)
                                         net27 (net)
                  0.08    0.00    6.42 v output27/A (sky130_fd_sc_hd__buf_8)
     1    0.03    0.04    0.16    6.58 v output27/X (sky130_fd_sc_hd__buf_8)
                                         out[7] (net)
                  0.04    0.00    6.58 v out[7] (out)
                                  6.58   data arrival time

                  0.00   10.00   10.00   clock __VIRTUAL_CLK__ (rise edge)
                          0.00   10.00   clock network delay (ideal)
                         -0.25    9.75   clock uncertainty
                          0.00    9.75   clock reconvergence pessimism
                         -2.00    7.75   output external delay
                                  7.75   data required time
-----------------------------------------------------------------------------
                                  7.75   data required time
                                 -6.58   data arrival time
-----------------------------------------------------------------------------
                                  1.17   slack (MET)


Startpoint: B[3] (input port clocked by __VIRTUAL_CLK__)
Endpoint: out[5] (output port clocked by __VIRTUAL_CLK__)
Path Group: __VIRTUAL_CLK__
Path Type: max
Corner: Typical

Fanout     Cap    Slew   Delay    Time   Description
-----------------------------------------------------------------------------
                  0.00    0.00    0.00   clock __VIRTUAL_CLK__ (rise edge)
                          0.00    0.00   clock network delay (ideal)
                          2.00    2.00 ^ input external delay
     1    0.00    0.02    0.01    2.01 ^ B[3] (in)
                                         B[3] (net)
                  0.02    0.00    2.01 ^ input12/A (sky130_fd_sc_hd__buf_2)
     8    0.06    0.30    0.29    2.30 ^ input12/X (sky130_fd_sc_hd__buf_2)
                                         net12 (net)
                  0.30    0.01    2.31 ^ _391_/C (sky130_fd_sc_hd__and4_1)
     2    0.03    0.30    0.45    2.75 ^ _391_/X (sky130_fd_sc_hd__and4_1)
                                         _069_ (net)
                  0.30    0.00    2.76 ^ _393_/A_N (sky130_fd_sc_hd__and2b_1)
     1    0.02    0.11    0.31    3.06 v _393_/X (sky130_fd_sc_hd__and2b_1)
                                         _071_ (net)
                  0.11    0.00    3.07 v _394_/B (sky130_fd_sc_hd__xnor2_4)
     3    0.05    0.37    0.36    3.42 ^ _394_/Y (sky130_fd_sc_hd__xnor2_4)
                                         _072_ (net)
                  0.37    0.00    3.42 ^ _396_/A (sky130_fd_sc_hd__nand3_4)
     3    0.05    0.21    0.26    3.68 v _396_/Y (sky130_fd_sc_hd__nand3_4)
                                         _074_ (net)
                  0.21    0.00    3.69 v _398_/B (sky130_fd_sc_hd__and3_4)
     2    0.04    0.07    0.30    3.99 v _398_/X (sky130_fd_sc_hd__and3_4)
                                         _076_ (net)
                  0.07    0.00    3.99 v _401_/C (sky130_fd_sc_hd__or3_4)
     3    0.02    0.10    0.40    4.40 v _401_/X (sky130_fd_sc_hd__or3_4)
                                         _079_ (net)
                  0.10    0.00    4.40 v rebuffer5/A (sky130_fd_sc_hd__clkbuf_2)
     2    0.03    0.11    0.20    4.60 v rebuffer5/X (sky130_fd_sc_hd__clkbuf_2)
                                         net33 (net)
                  0.11    0.00    4.60 v _402_/B (sky130_fd_sc_hd__nand2_1)
     3    0.03    0.27    0.26    4.87 ^ _402_/Y (sky130_fd_sc_hd__nand2_1)
                                         _080_ (net)
                  0.27    0.00    4.87 ^ _403_/B1 (sky130_fd_sc_hd__a21o_1)
     2    0.03    0.27    0.30    5.17 ^ _403_/X (sky130_fd_sc_hd__a21o_1)
                                         _081_ (net)
                  0.27    0.00    5.17 ^ _408_/A2 (sky130_fd_sc_hd__a31o_1)
     1    0.02    0.19    0.31    5.48 ^ _408_/X (sky130_fd_sc_hd__a31o_1)
                                         _086_ (net)
                  0.19    0.00    5.48 ^ _409_/B1 (sky130_fd_sc_hd__a21oi_1)
     1    0.01    0.10    0.09    5.58 v _409_/Y (sky130_fd_sc_hd__a21oi_1)
                                         _087_ (net)
                  0.10    0.00    5.58 v _410_/B1 (sky130_fd_sc_hd__a21oi_1)
     1    0.01    0.31    0.30    5.88 ^ _410_/Y (sky130_fd_sc_hd__a21oi_1)
                                         net25 (net)
                  0.31    0.00    5.88 ^ output25/A (sky130_fd_sc_hd__buf_2)
     1    0.03    0.17    0.29    6.17 ^ output25/X (sky130_fd_sc_hd__buf_2)
                                         out[5] (net)
                  0.17    0.00    6.17 ^ out[5] (out)
                                  6.17   data arrival time

                  0.00   10.00   10.00   clock __VIRTUAL_CLK__ (rise edge)
                          0.00   10.00   clock network delay (ideal)
                         -0.25    9.75   clock uncertainty
                          0.00    9.75   clock reconvergence pessimism
                         -2.00    7.75   output external delay
                                  7.75   data required time
-----------------------------------------------------------------------------
                                  7.75   data required time
                                 -6.17   data arrival time
-----------------------------------------------------------------------------
                                  1.58   slack (MET)


Startpoint: B[0] (input port clocked by __VIRTUAL_CLK__)
Endpoint: out[4] (output port clocked by __VIRTUAL_CLK__)
Path Group: __VIRTUAL_CLK__
Path Type: max
Corner: Typical

Fanout     Cap    Slew   Delay    Time   Description
-----------------------------------------------------------------------------
                  0.00    0.00    0.00   clock __VIRTUAL_CLK__ (rise edge)
                          0.00    0.00   clock network delay (ideal)
                          2.00    2.00 v input external delay
     1    0.00    0.01    0.01    2.01 v B[0] (in)
                                         B[0] (net)
                  0.01    0.00    2.01 v input9/A (sky130_fd_sc_hd__buf_4)
     5    0.06    0.09    0.19    2.19 v input9/X (sky130_fd_sc_hd__buf_4)
                                         net9 (net)
                  0.09    0.00    2.20 v _251_/A (sky130_fd_sc_hd__buf_6)
    10    0.08    0.08    0.19    2.39 v _251_/X (sky130_fd_sc_hd__buf_6)
                                         _182_ (net)
                  0.08    0.00    2.39 v _252_/A (sky130_fd_sc_hd__clkbuf_4)
    10    0.06    0.13    0.25    2.64 v _252_/X (sky130_fd_sc_hd__clkbuf_4)
                                         _183_ (net)
                  0.13    0.00    2.65 v _298_/A1 (sky130_fd_sc_hd__o21a_2)
     3    0.02    0.08    0.31    2.95 v _298_/X (sky130_fd_sc_hd__o21a_2)
                                         _227_ (net)
                  0.08    0.00    2.95 v _361_/A3 (sky130_fd_sc_hd__o31a_1)
     2    0.01    0.09    0.32    3.27 v _361_/X (sky130_fd_sc_hd__o31a_1)
                                         _040_ (net)
                  0.09    0.00    3.27 v _362_/B (sky130_fd_sc_hd__xnor2_1)
     2    0.03    0.62    0.55    3.81 ^ _362_/Y (sky130_fd_sc_hd__xnor2_1)
                                         _041_ (net)
                  0.62    0.00    3.82 ^ _364_/B (sky130_fd_sc_hd__nor2_1)
     1    0.01    0.16    0.19    4.00 v _364_/Y (sky130_fd_sc_hd__nor2_1)
                                         _043_ (net)
                  0.16    0.00    4.00 v _365_/B (sky130_fd_sc_hd__nor2_1)
     3    0.04    0.68    0.60    4.60 ^ _365_/Y (sky130_fd_sc_hd__nor2_1)
                                         _044_ (net)
                  0.68    0.00    4.60 ^ _367_/A (sky130_fd_sc_hd__nand2_1)
     1    0.01    0.20    0.25    4.85 v _367_/Y (sky130_fd_sc_hd__nand2_1)
                                         _046_ (net)
                  0.20    0.00    4.85 v _372_/A2 (sky130_fd_sc_hd__a31o_1)
     1    0.01    0.08    0.32    5.17 v _372_/X (sky130_fd_sc_hd__a31o_1)
                                         _051_ (net)
                  0.08    0.00    5.17 v _373_/B2 (sky130_fd_sc_hd__o2bb2a_1)
     1    0.00    0.05    0.30    5.47 v _373_/X (sky130_fd_sc_hd__o2bb2a_1)
                                         net24 (net)
                  0.05    0.00    5.47 v output24/A (sky130_fd_sc_hd__buf_2)
     1    0.03    0.09    0.19    5.66 v output24/X (sky130_fd_sc_hd__buf_2)
                                         out[4] (net)
                  0.09    0.00    5.66 v out[4] (out)
                                  5.66   data arrival time

                  0.00   10.00   10.00   clock __VIRTUAL_CLK__ (rise edge)
                          0.00   10.00   clock network delay (ideal)
                         -0.25    9.75   clock uncertainty
                          0.00    9.75   clock reconvergence pessimism
                         -2.00    7.75   output external delay
                                  7.75   data required time
-----------------------------------------------------------------------------
                                  7.75   data required time
                                 -5.66   data arrival time
-----------------------------------------------------------------------------
                                  2.09   slack (MET)


Startpoint: opcode[0] (input port clocked by __VIRTUAL_CLK__)
Endpoint: out[3] (output port clocked by __VIRTUAL_CLK__)
Path Group: __VIRTUAL_CLK__
Path Type: max
Corner: Typical

Fanout     Cap    Slew   Delay    Time   Description
-----------------------------------------------------------------------------
                  0.00    0.00    0.00   clock __VIRTUAL_CLK__ (rise edge)
                          0.00    0.00   clock network delay (ideal)
                          2.00    2.00 v input external delay
     1    0.00    0.01    0.00    2.00 v opcode[0] (in)
                                         opcode[0] (net)
                  0.01    0.00    2.00 v input17/A (sky130_fd_sc_hd__buf_2)
     5    0.05    0.12    0.19    2.20 v input17/X (sky130_fd_sc_hd__buf_2)
                                         net17 (net)
                  0.12    0.00    2.20 v _275_/A_N (sky130_fd_sc_hd__nand3b_4)
     8    0.06    0.21    0.32    2.52 v _275_/Y (sky130_fd_sc_hd__nand3b_4)
                                         _205_ (net)
                  0.21    0.00    2.52 v rebuffer12/A (sky130_fd_sc_hd__buf_2)
     2    0.02    0.06    0.23    2.76 v rebuffer12/X (sky130_fd_sc_hd__buf_2)
                                         net40 (net)
                  0.06    0.00    2.76 v _276_/A2 (sky130_fd_sc_hd__a21oi_2)
     2    0.03    0.37    0.35    3.11 ^ _276_/Y (sky130_fd_sc_hd__a21oi_2)
                                         _206_ (net)
                  0.37    0.00    3.11 ^ _278_/A1 (sky130_fd_sc_hd__o21a_1)
     2    0.02    0.19    0.31    3.42 ^ _278_/X (sky130_fd_sc_hd__o21a_1)
                                         _208_ (net)
                  0.19    0.00    3.42 ^ _301_/B1 (sky130_fd_sc_hd__a21o_1)
     3    0.04    0.34    0.34    3.76 ^ _301_/X (sky130_fd_sc_hd__a21o_1)
                                         _230_ (net)
                  0.34    0.00    3.76 ^ _312_/A2 (sky130_fd_sc_hd__a21o_1)
     3    0.02    0.21    0.31    4.07 ^ _312_/X (sky130_fd_sc_hd__a21o_1)
                                         _240_ (net)
                  0.21    0.00    4.07 ^ _318_/A (sky130_fd_sc_hd__and3_1)
     2    0.04    0.36    0.43    4.50 ^ _318_/X (sky130_fd_sc_hd__and3_1)
                                         _246_ (net)
                  0.36    0.01    4.51 ^ _320_/A_N (sky130_fd_sc_hd__and3b_1)
     1    0.01    0.05    0.25    4.76 v _320_/X (sky130_fd_sc_hd__and3b_1)
                                         _000_ (net)
                  0.05    0.00    4.76 v _339_/B1 (sky130_fd_sc_hd__o2bb2a_1)
     2    0.02    0.12    0.38    5.14 v _339_/X (sky130_fd_sc_hd__o2bb2a_1)
                                         net23 (net)
                  0.12    0.00    5.14 v output23/A (sky130_fd_sc_hd__buf_2)
     1    0.04    0.09    0.23    5.37 v output23/X (sky130_fd_sc_hd__buf_2)
                                         out[3] (net)
                  0.09    0.00    5.37 v out[3] (out)
                                  5.37   data arrival time

                  0.00   10.00   10.00   clock __VIRTUAL_CLK__ (rise edge)
                          0.00   10.00   clock network delay (ideal)
                         -0.25    9.75   clock uncertainty
                          0.00    9.75   clock reconvergence pessimism
                         -2.00    7.75   output external delay
                                  7.75   data required time
-----------------------------------------------------------------------------
                                  7.75   data required time
                                 -5.37   data arrival time
-----------------------------------------------------------------------------
                                  2.38   slack (MET)


Startpoint: B[0] (input port clocked by __VIRTUAL_CLK__)
Endpoint: out[2] (output port clocked by __VIRTUAL_CLK__)
Path Group: __VIRTUAL_CLK__
Path Type: max
Corner: Typical

Fanout     Cap    Slew   Delay    Time   Description
-----------------------------------------------------------------------------
                  0.00    0.00    0.00   clock __VIRTUAL_CLK__ (rise edge)
                          0.00    0.00   clock network delay (ideal)
                          2.00    2.00 ^ input external delay
     1    0.00    0.02    0.01    2.01 ^ B[0] (in)
                                         B[0] (net)
                  0.02    0.00    2.01 ^ input9/A (sky130_fd_sc_hd__buf_4)
     5    0.06    0.18    0.21    2.22 ^ input9/X (sky130_fd_sc_hd__buf_4)
                                         net9 (net)
                  0.18    0.00    2.23 ^ _251_/A (sky130_fd_sc_hd__buf_6)
    10    0.09    0.18    0.24    2.47 ^ _251_/X (sky130_fd_sc_hd__buf_6)
                                         _182_ (net)
                  0.18    0.01    2.47 ^ _252_/A (sky130_fd_sc_hd__clkbuf_4)
    10    0.06    0.19    0.30    2.77 ^ _252_/X (sky130_fd_sc_hd__clkbuf_4)
                                         _183_ (net)
                  0.19    0.00    2.78 ^ _276_/A1 (sky130_fd_sc_hd__a21oi_2)
     2    0.03    0.13    0.16    2.94 v _276_/Y (sky130_fd_sc_hd__a21oi_2)
                                         _206_ (net)
                  0.13    0.00    2.94 v _279_/B (sky130_fd_sc_hd__or3_4)
     2    0.03    0.10    0.46    3.41 v _279_/X (sky130_fd_sc_hd__or3_4)
                                         _209_ (net)
                  0.10    0.00    3.41 v _301_/A2 (sky130_fd_sc_hd__a21o_1)
     3    0.04    0.18    0.34    3.75 v _301_/X (sky130_fd_sc_hd__a21o_1)
                                         _230_ (net)
                  0.18    0.00    3.75 v _303_/A2 (sky130_fd_sc_hd__o21a_1)
     1    0.01    0.06    0.25    4.00 v _303_/X (sky130_fd_sc_hd__o21a_1)
                                         _232_ (net)
                  0.06    0.00    4.00 v _308_/A2 (sky130_fd_sc_hd__a211o_1)
     1    0.01    0.08    0.34    4.35 v _308_/X (sky130_fd_sc_hd__a211o_1)
                                         _237_ (net)
                  0.08    0.00    4.35 v _309_/B2 (sky130_fd_sc_hd__o2bb2a_1)
     1    0.03    0.15    0.42    4.77 v _309_/X (sky130_fd_sc_hd__o2bb2a_1)
                                         net22 (net)
                  0.15    0.00    4.77 v output22/A (sky130_fd_sc_hd__buf_2)
     1    0.03    0.09    0.24    5.01 v output22/X (sky130_fd_sc_hd__buf_2)
                                         out[2] (net)
                  0.09    0.00    5.01 v out[2] (out)
                                  5.01   data arrival time

                  0.00   10.00   10.00   clock __VIRTUAL_CLK__ (rise edge)
                          0.00   10.00   clock network delay (ideal)
                         -0.25    9.75   clock uncertainty
                          0.00    9.75   clock reconvergence pessimism
                         -2.00    7.75   output external delay
                                  7.75   data required time
-----------------------------------------------------------------------------
                                  7.75   data required time
                                 -5.01   data arrival time
-----------------------------------------------------------------------------
                                  2.74   slack (MET)


Startpoint: opcode[0] (input port clocked by __VIRTUAL_CLK__)
Endpoint: out[1] (output port clocked by __VIRTUAL_CLK__)
Path Group: __VIRTUAL_CLK__
Path Type: max
Corner: Typical

Fanout     Cap    Slew   Delay    Time   Description
-----------------------------------------------------------------------------
                  0.00    0.00    0.00   clock __VIRTUAL_CLK__ (rise edge)
                          0.00    0.00   clock network delay (ideal)
                          2.00    2.00 v input external delay
     1    0.00    0.01    0.00    2.00 v opcode[0] (in)
                                         opcode[0] (net)
                  0.01    0.00    2.00 v input17/A (sky130_fd_sc_hd__buf_2)
     5    0.05    0.12    0.19    2.20 v input17/X (sky130_fd_sc_hd__buf_2)
                                         net17 (net)
                  0.12    0.00    2.20 v _275_/A_N (sky130_fd_sc_hd__nand3b_4)
     8    0.06    0.21    0.32    2.52 v _275_/Y (sky130_fd_sc_hd__nand3b_4)
                                         _205_ (net)
                  0.21    0.00    2.52 v rebuffer12/A (sky130_fd_sc_hd__buf_2)
     2    0.02    0.06    0.23    2.76 v rebuffer12/X (sky130_fd_sc_hd__buf_2)
                                         net40 (net)
                  0.06    0.00    2.76 v _276_/A2 (sky130_fd_sc_hd__a21oi_2)
     2    0.03    0.37    0.35    3.11 ^ _276_/Y (sky130_fd_sc_hd__a21oi_2)
                                         _206_ (net)
                  0.37    0.00    3.11 ^ _279_/B (sky130_fd_sc_hd__or3_4)
     2    0.03    0.09    0.26    3.36 ^ _279_/X (sky130_fd_sc_hd__or3_4)
                                         _209_ (net)
                  0.09    0.00    3.37 ^ _280_/B_N (sky130_fd_sc_hd__or2b_1)
     1    0.02    0.13    0.34    3.70 v _280_/X (sky130_fd_sc_hd__or2b_1)
                                         _210_ (net)
                  0.13    0.00    3.71 v _281_/B (sky130_fd_sc_hd__xnor2_1)
     1    0.01    0.07    0.18    3.89 v _281_/Y (sky130_fd_sc_hd__xnor2_1)
                                         _211_ (net)
                  0.07    0.00    3.89 v _286_/A2 (sky130_fd_sc_hd__a211o_1)
     1    0.02    0.11    0.39    4.27 v _286_/X (sky130_fd_sc_hd__a211o_1)
                                         _216_ (net)
                  0.11    0.00    4.28 v _287_/B2 (sky130_fd_sc_hd__o2bb2a_1)
     2    0.02    0.11    0.39    4.66 v _287_/X (sky130_fd_sc_hd__o2bb2a_1)
                                         net21 (net)
                  0.11    0.00    4.67 v output21/A (sky130_fd_sc_hd__buf_2)
     1    0.03    0.09    0.22    4.89 v output21/X (sky130_fd_sc_hd__buf_2)
                                         out[1] (net)
                  0.09    0.00    4.89 v out[1] (out)
                                  4.89   data arrival time

                  0.00   10.00   10.00   clock __VIRTUAL_CLK__ (rise edge)
                          0.00   10.00   clock network delay (ideal)
                         -0.25    9.75   clock uncertainty
                          0.00    9.75   clock reconvergence pessimism
                         -2.00    7.75   output external delay
                                  7.75   data required time
-----------------------------------------------------------------------------
                                  7.75   data required time
                                 -4.89   data arrival time
-----------------------------------------------------------------------------
                                  2.86   slack (MET)


Startpoint: opcode[0] (input port clocked by __VIRTUAL_CLK__)
Endpoint: out[0] (output port clocked by __VIRTUAL_CLK__)
Path Group: __VIRTUAL_CLK__
Path Type: max
Corner: Typical

Fanout     Cap    Slew   Delay    Time   Description
-----------------------------------------------------------------------------
                  0.00    0.00    0.00   clock __VIRTUAL_CLK__ (rise edge)
                          0.00    0.00   clock network delay (ideal)
                          2.00    2.00 v input external delay
     1    0.00    0.01    0.00    2.00 v opcode[0] (in)
                                         opcode[0] (net)
                  0.01    0.00    2.00 v input17/A (sky130_fd_sc_hd__buf_2)
     5    0.05    0.12    0.19    2.20 v input17/X (sky130_fd_sc_hd__buf_2)
                                         net17 (net)
                  0.12    0.00    2.20 v _249_/A (sky130_fd_sc_hd__or2_2)
     5    0.05    0.15    0.46    2.67 v _249_/X (sky130_fd_sc_hd__or2_2)
                                         _180_ (net)
                  0.15    0.00    2.67 v _258_/B (sky130_fd_sc_hd__nor2_4)
     8    0.07    0.41    0.39    3.05 ^ _258_/Y (sky130_fd_sc_hd__nor2_4)
                                         _189_ (net)
                  0.41    0.00    3.06 ^ _260_/A1 (sky130_fd_sc_hd__o211a_1)
     1    0.01    0.11    0.29    3.35 ^ _260_/X (sky130_fd_sc_hd__o211a_1)
                                         _191_ (net)
                  0.11    0.00    3.35 ^ _261_/B1 (sky130_fd_sc_hd__a31o_1)
     1    0.01    0.08    0.15    3.49 ^ _261_/X (sky130_fd_sc_hd__a31o_1)
                                         _192_ (net)
                  0.08    0.00    3.49 ^ _262_/B2 (sky130_fd_sc_hd__a2bb2o_1)
     2    0.02    0.23    0.28    3.78 ^ _262_/X (sky130_fd_sc_hd__a2bb2o_1)
                                         net20 (net)
                  0.23    0.00    3.78 ^ output20/A (sky130_fd_sc_hd__buf_2)
     1    0.04    0.18    0.27    4.05 ^ output20/X (sky130_fd_sc_hd__buf_2)
                                         out[0] (net)
                  0.18    0.00    4.05 ^ out[0] (out)
                                  4.05   data arrival time

                  0.00   10.00   10.00   clock __VIRTUAL_CLK__ (rise edge)
                          0.00   10.00   clock network delay (ideal)
                         -0.25    9.75   clock uncertainty
                          0.00    9.75   clock reconvergence pessimism
                         -2.00    7.75   output external delay
                                  7.75   data required time
-----------------------------------------------------------------------------
                                  7.75   data required time
                                 -4.05   data arrival time
-----------------------------------------------------------------------------
                                  3.70   slack (MET)



worst slack corner Typical: 1.1052
