violation type: Horizontal congestion
	srcs: net:_032_ net:_065_ net:_092_ net:_095_ net:_101_ net:_111_ net:_136_ net:_168_ net:_171_ net:_182_ net:_189_ net:_195_ net:_205_ net:_206_ net:_207_ net:_218_ net:net6 net:net11 
	congestion information: capacity:17 usage:18 overflow:1
	bbox = ( 34.5, 34.5 ) - ( 41.4, 41.4) on Layer -
violation type: Horizontal congestion
	srcs: net:_065_ net:_067_ net:_072_ net:_104_ net:_105_ net:_111_ net:_118_ net:_136_ net:_168_ net:_171_ net:_189_ net:_197_ net:_205_ net:_206_ net:_207_ net:_209_ net:net11 net:net37 
	congestion information: capacity:17 usage:18 overflow:1
	bbox = ( 48.3, 34.5 ) - ( 55.2, 41.4) on Layer -
violation type: Vertical congestion
	srcs: net:_001_ net:_002_ net:_003_ net:_022_ net:_055_ net:_085_ net:_087_ net:_111_ net:_114_ net:_125_ net:_143_ net:_148_ net:_149_ net:_161_ net:_221_ 
	congestion information: capacity:14 usage:15 overflow:1
	bbox = ( 0, 27.6 ) - ( 6.9, 34.5) on Layer -
violation type: Vertical congestion
	srcs: net:_003_ net:_005_ net:_013_ net:_053_ net:_055_ net:_085_ net:_109_ net:_114_ net:_143_ net:_149_ net:_154_ net:_158_ net:_206_ net:_221_ net:_241_ 
	congestion information: capacity:14 usage:15 overflow:1
	bbox = ( 0, 41.4 ) - ( 6.9, 48.3) on Layer -
violation type: Vertical congestion
	srcs: net:_001_ net:_005_ net:_051_ net:_053_ net:_055_ net:_085_ net:_109_ net:_114_ net:_140_ net:_143_ net:_149_ net:_154_ net:_157_ net:_176_ net:_221_ net:_241_ 
	congestion information: capacity:14 usage:16 overflow:2
	bbox = ( 0, 48.3 ) - ( 6.9, 55.2) on Layer -
violation type: Vertical congestion
	srcs: net:A[5] net:_005_ net:_013_ net:_019_ net:_024_ net:_109_ net:_130_ net:_154_ net:_157_ net:_158_ net:_203_ net:net5 net:net44 
	congestion information: capacity:12 usage:13 overflow:1
	bbox = ( 6.9, 27.6 ) - ( 13.8, 34.5) on Layer -
violation type: Vertical congestion
	srcs: net:_001_ net:_002_ net:_005_ net:_006_ net:_013_ net:_019_ net:_024_ net:_110_ net:_140_ net:_157_ net:_158_ net:_161_ net:net5 net:net44 
	congestion information: capacity:12 usage:14 overflow:2
	bbox = ( 6.9, 34.5 ) - ( 13.8, 41.4) on Layer -
violation type: Vertical congestion
	srcs: net:_001_ net:_002_ net:_006_ net:_019_ net:_041_ net:_058_ net:_110_ net:_140_ net:_157_ net:_161_ net:_224_ net:net1 net:net5 net:net44 
	congestion information: capacity:12 usage:14 overflow:2
	bbox = ( 6.9, 41.4 ) - ( 13.8, 48.3) on Layer -
violation type: Vertical congestion
	srcs: net:_027_ net:_041_ net:_051_ net:_059_ net:_119_ net:_130_ net:_133_ net:_152_ net:_153_ net:_183_ net:_200_ net:_205_ net:_240_ net:net1 
	congestion information: capacity:13 usage:14 overflow:1
	bbox = ( 13.8, 34.5 ) - ( 20.7, 41.4) on Layer -
violation type: Vertical congestion
	srcs: net:_013_ net:_024_ net:_040_ net:_053_ net:_121_ net:_130_ net:_152_ net:_153_ net:_164_ net:_205_ net:_227_ net:_240_ net:net16 net:net22 
	congestion information: capacity:13 usage:14 overflow:1
	bbox = ( 13.8, 55.2 ) - ( 20.7, 62.1) on Layer -
violation type: Vertical congestion
	srcs: net:_004_ net:_040_ net:_045_ net:_087_ net:_119_ net:_120_ net:_125_ net:_151_ net:_176_ net:_183_ net:_226_ net:net7 net:net16 net:net18 net:net40 
	congestion information: capacity:14 usage:15 overflow:1
	bbox = ( 20.7, 41.4 ) - ( 27.6, 48.3) on Layer -
violation type: Vertical congestion
	srcs: net:_004_ net:_006_ net:_010_ net:_027_ net:_040_ net:_045_ net:_054_ net:_065_ net:_119_ net:_120_ net:_125_ net:_151_ net:_226_ net:net7 net:net18 net:net40 
	congestion information: capacity:14 usage:16 overflow:2
	bbox = ( 20.7, 48.3 ) - ( 27.6, 55.2) on Layer -
violation type: Vertical congestion
	srcs: net:_004_ net:_006_ net:_008_ net:_027_ net:_054_ net:_084_ net:_119_ net:_125_ net:_151_ net:_183_ net:_197_ net:_217_ net:_241_ net:net4 net:net7 net:net40 
	congestion information: capacity:14 usage:16 overflow:2
	bbox = ( 20.7, 55.2 ) - ( 27.6, 62.1) on Layer -
violation type: Vertical congestion
	srcs: net:_004_ net:_039_ net:_044_ net:_101_ net:_110_ net:_145_ net:_170_ net:_189_ net:_213_ net:_227_ net:_244_ net:_245_ net:net2 net:net14 net:net17 net:net45 
	congestion information: capacity:14 usage:16 overflow:2
	bbox = ( 27.6, 27.6 ) - ( 34.5, 34.5) on Layer -
violation type: Vertical congestion
	srcs: net:_004_ net:_037_ net:_038_ net:_040_ net:_044_ net:_065_ net:_137_ net:_145_ net:_170_ net:_171_ net:_182_ net:_207_ net:_213_ net:_244_ net:_245_ net:net2 net:net14 net:net17 
	congestion information: capacity:14 usage:18 overflow:4
	bbox = ( 27.6, 34.5 ) - ( 34.5, 41.4) on Layer -
violation type: Vertical congestion
	srcs: net:_024_ net:_037_ net:_044_ net:_087_ net:_144_ net:_145_ net:_175_ net:_178_ net:_182_ net:_208_ net:_209_ net:net2 net:net8 net:net14 net:net44 
	congestion information: capacity:14 usage:15 overflow:1
	bbox = ( 27.6, 48.3 ) - ( 34.5, 55.2) on Layer -
violation type: Vertical congestion
	srcs: net:_007_ net:_037_ net:_065_ net:_087_ net:_144_ net:_145_ net:_175_ net:_178_ net:_208_ net:_209_ net:net2 net:net8 net:net14 net:net43 net:net44 
	congestion information: capacity:14 usage:15 overflow:1
	bbox = ( 27.6, 55.2 ) - ( 34.5, 62.1) on Layer -
violation type: Vertical congestion
	srcs: net:_012_ net:_030_ net:_032_ net:_036_ net:_088_ net:_141_ net:_142_ net:_165_ net:_168_ net:_204_ net:_212_ net:_224_ net:_243_ 
	congestion information: capacity:11 usage:13 overflow:2
	bbox = ( 34.5, 27.6 ) - ( 41.4, 34.5) on Layer -
violation type: Vertical congestion
	srcs: net:_012_ net:_030_ net:_036_ net:_088_ net:_142_ net:_165_ net:_168_ net:_203_ net:_204_ net:_206_ net:_212_ net:_224_ net:_243_ 
	congestion information: capacity:11 usage:13 overflow:2
	bbox = ( 34.5, 34.5 ) - ( 41.4, 41.4) on Layer -
violation type: Vertical congestion
	srcs: net:_012_ net:_024_ net:_030_ net:_038_ net:_054_ net:_073_ net:_076_ net:_077_ net:_165_ net:_168_ net:_204_ net:_212_ net:_243_ 
	congestion information: capacity:11 usage:13 overflow:2
	bbox = ( 34.5, 41.4 ) - ( 41.4, 48.3) on Layer -
violation type: Vertical congestion
	srcs: net:_028_ net:_036_ net:_038_ net:_075_ net:_094_ net:_124_ net:_129_ net:_156_ net:_160_ net:_172_ net:_173_ net:_218_ net:_223_ net:net36 net:net41 
	congestion information: capacity:14 usage:15 overflow:1
	bbox = ( 41.4, 48.3 ) - ( 48.3, 55.2) on Layer -
violation type: Vertical congestion
	srcs: net:_052_ net:_066_ net:_078_ net:_080_ net:_092_ net:_095_ net:_096_ net:_115_ net:_147_ net:_195_ net:_197_ net:_209_ net:net6 net:net11 net:net36 
	congestion information: capacity:14 usage:15 overflow:1
	bbox = ( 48.3, 34.5 ) - ( 55.2, 41.4) on Layer -
violation type: Vertical congestion
	srcs: net:_021_ net:_046_ net:_049_ net:_089_ net:_132_ net:_187_ net:_194_ net:_196_ net:_214_ net:_223_ net:_242_ net:net11 net:net13 
	congestion information: capacity:12 usage:13 overflow:1
	bbox = ( 55.2, 27.6 ) - ( 62.1, 34.5) on Layer -
violation type: Vertical congestion
	srcs: net:_021_ net:_025_ net:_032_ net:_046_ net:_049_ net:_089_ net:_111_ net:_187_ net:_193_ net:_194_ net:_242_ net:_244_ net:net13 net:net30 
	congestion information: capacity:12 usage:14 overflow:2
	bbox = ( 55.2, 41.4 ) - ( 62.1, 48.3) on Layer -
violation type: Vertical congestion
	srcs: net:_021_ net:_046_ net:_049_ net:_089_ net:_111_ net:_187_ net:_190_ net:_193_ net:_194_ net:_242_ net:_244_ net:net11 net:net13 
	congestion information: capacity:12 usage:13 overflow:1
	bbox = ( 55.2, 48.3 ) - ( 62.1, 55.2) on Layer -
violation type: Vertical congestion
	srcs: net:_057_ net:_126_ net:_135_ net:_171_ net:_186_ net:_193_ net:_198_ net:_206_ net:_207_ net:_209_ net:_238_ net:net3 net:net15 
	congestion information: capacity:12 usage:13 overflow:1
	bbox = ( 62.1, 27.6 ) - ( 69, 34.5) on Layer -
violation type: Vertical congestion
	srcs: net:_057_ net:_074_ net:_088_ net:_092_ net:_127_ net:_135_ net:_185_ net:_189_ net:_198_ net:_238_ net:net3 net:net15 net:net46 
	congestion information: capacity:12 usage:13 overflow:1
	bbox = ( 62.1, 41.4 ) - ( 69, 48.3) on Layer -
violation type: Vertical congestion
	srcs: net:_009_ net:_056_ net:_058_ net:_064_ net:_068_ net:_099_ net:_113_ net:_127_ net:_163_ net:_189_ net:_203_ net:_238_ net:net15 net:net46 
	congestion information: capacity:12 usage:14 overflow:2
	bbox = ( 62.1, 55.2 ) - ( 69, 62.1) on Layer -
violation type: Vertical congestion
	srcs: net:_009_ net:_033_ net:_060_ net:_061_ net:_091_ net:_092_ net:_098_ net:_112_ net:_115_ net:_180_ net:_215_ net:_216_ net:_228_ net:_233_ net:_239_ net:net19 
	congestion information: capacity:14 usage:16 overflow:2
	bbox = ( 69, 48.3 ) - ( 75.9, 55.2) on Layer -
violation type: Vertical congestion
	srcs: net:_003_ net:_048_ net:_072_ net:_082_ net:_100_ net:_138_ net:_164_ net:_169_ net:_180_ net:_181_ net:_182_ net:_190_ net:_233_ net:net6 net:net12 
	congestion information: capacity:14 usage:15 overflow:1
	bbox = ( 75.9, 20.7 ) - ( 82.8, 27.6) on Layer -
violation type: Vertical congestion
	srcs: net:_009_ net:_014_ net:_056_ net:_067_ net:_081_ net:_100_ net:_104_ net:_118_ net:_138_ net:_163_ net:_164_ net:_181_ net:_185_ net:_190_ net:_233_ net:net10 net:net19 
	congestion information: capacity:14 usage:17 overflow:3
	bbox = ( 75.9, 34.5 ) - ( 82.8, 41.4) on Layer -
violation type: Vertical congestion
	srcs: net:_009_ net:_056_ net:_067_ net:_081_ net:_099_ net:_100_ net:_117_ net:_163_ net:_164_ net:_181_ net:_196_ net:_216_ net:_233_ net:net4 net:net19 
	congestion information: capacity:14 usage:15 overflow:1
	bbox = ( 75.9, 41.4 ) - ( 82.8, 48.3) on Layer -
violation type: Vertical congestion
	srcs: net:_009_ net:_020_ net:_035_ net:_074_ net:_081_ net:_093_ net:_106_ net:_162_ net:_216_ net:_217_ net:_247_ net:net9 
	congestion information: capacity:11 usage:12 overflow:1
	bbox = ( 82.8, 20.7 ) - ( 89.7, 27.6) on Layer -
violation type: Vertical congestion
	srcs: net:_009_ net:_020_ net:_035_ net:_074_ net:_081_ net:_093_ net:_106_ net:_162_ net:_217_ net:_247_ net:net9 net:net12 
	congestion information: capacity:11 usage:12 overflow:1
	bbox = ( 82.8, 27.6 ) - ( 89.7, 34.5) on Layer -
violation type: Vertical congestion
	srcs: net:_020_ net:_035_ net:_043_ net:_061_ net:_074_ net:_106_ net:_162_ net:_180_ net:_191_ net:_196_ net:_247_ net:net9 
	congestion information: capacity:11 usage:12 overflow:1
	bbox = ( 82.8, 34.5 ) - ( 89.7, 41.4) on Layer -
violation type: Vertical congestion
	srcs: net:_000_ net:_014_ net:_035_ net:_043_ net:_063_ net:_069_ net:_082_ net:_135_ net:_186_ net:_247_ net:net9 net:net10 
	congestion information: capacity:11 usage:12 overflow:1
	bbox = ( 82.8, 48.3 ) - ( 89.7, 55.2) on Layer -
violation type: Vertical congestion
	srcs: net:_010_ net:_034_ net:_048_ net:_050_ net:_063_ net:_069_ net:_071_ net:_072_ net:_082_ net:_093_ net:_102_ net:_122_ net:_134_ net:_184_ net:_186_ net:_192_ net:_216_ net:_217_ net:net12 net:net21 net:net24 net:net25 net:net27 net:net28 
	congestion information: capacity:22 usage:24 overflow:2
	bbox = ( 89.7, 34.5 ) - ( 100, 41.4) on Layer -
