
===========================================================================
 report_power
============================================================================
======================= Fastest Corner ===================================

Group                  Internal  Switching    Leakage      Total
                          Power      Power      Power      Power (Watts)
----------------------------------------------------------------
Sequential             0.00e+00   0.00e+00   0.00e+00   0.00e+00   0.0%
Combinational          9.61e-05   2.55e-04   2.98e-09   3.51e-04 100.0%
Clock                 -2.95e-10   0.00e+00   8.05e-10   5.09e-10   0.0%
Macro                  0.00e+00   0.00e+00   0.00e+00   0.00e+00   0.0%
Pad                    0.00e+00   0.00e+00   0.00e+00   0.00e+00   0.0%
----------------------------------------------------------------
Total                  9.61e-05   2.55e-04   3.78e-09   3.51e-04 100.0%
                          27.4%      72.6%       0.0%

======================= Slowest Corner ===================================

Group                  Internal  Switching    Leakage      Total
                          Power      Power      Power      Power (Watts)
----------------------------------------------------------------
Sequential             0.00e+00   0.00e+00   0.00e+00   0.00e+00   0.0%
Combinational          7.09e-05   1.71e-04   1.60e-06   2.43e-04 100.0%
Clock                 -9.44e-11   0.00e+00   8.12e-10   7.18e-10   0.0%
Macro                  0.00e+00   0.00e+00   0.00e+00   0.00e+00   0.0%
Pad                    0.00e+00   0.00e+00   0.00e+00   0.00e+00   0.0%
----------------------------------------------------------------
Total                  7.09e-05   1.71e-04   1.60e-06   2.43e-04 100.0%
                          29.1%      70.2%       0.7%

======================= Typical Corner ===================================

Group                  Internal  Switching    Leakage      Total
                          Power      Power      Power      Power (Watts)
----------------------------------------------------------------
Sequential             0.00e+00   0.00e+00   0.00e+00   0.00e+00   0.0%
Combinational          8.73e-05   2.17e-04   1.28e-09   3.04e-04 100.0%
Clock                  7.11e-11   0.00e+00   8.05e-10   8.76e-10   0.0%
Macro                  0.00e+00   0.00e+00   0.00e+00   0.00e+00   0.0%
Pad                    0.00e+00   0.00e+00   0.00e+00   0.00e+00   0.0%
----------------------------------------------------------------
Total                  8.73e-05   2.17e-04   2.09e-09   3.04e-04 100.0%
                          28.7%      71.3%       0.0%

